Archive member included to satisfy reference by file (symbol)

/opt/devkitpro/libctru/lib/libctru.a(os.o)
                              main.o (osSetSpeedupEnable)
/opt/devkitpro/libctru/lib/libctru.a(console.o)
                              main.o (consoleInit)
/opt/devkitpro/libctru/lib/libctru.a(srv.o)
                              main.o (srvExit)
/opt/devkitpro/libctru/lib/libctru.a(gfx.o)
                              /opt/devkitpro/libctru/lib/libctru.a(console.o) (gfxSetScreenFormat)
/opt/devkitpro/libctru/lib/libctru.a(thread.o)
                              stupidslowhax.o (threadCreate)
/opt/devkitpro/libctru/lib/libctru.a(gx.o)
                              /opt/devkitpro/libctru/lib/libctru.a(gfx.o) (gxCmdBuf)
/opt/devkitpro/libctru/lib/libctru.a(gspgpu.o)
                              /opt/devkitpro/libctru/lib/libctru.a(gfx.o) (gspInit)
/opt/devkitpro/libctru/lib/libctru.a(hid.o)
                              main.o (hidScanInput)
/opt/devkitpro/libctru/lib/libctru.a(ns.o)
                              main.o (nsInit)
/opt/devkitpro/libctru/lib/libctru.a(apt.o)
                              /opt/devkitpro/libctru/lib/libctru.a(hid.o) (APT_CheckNew3DS)
/opt/devkitpro/libctru/lib/libctru.a(ptmsysm.o)
                              /opt/devkitpro/libctru/lib/libctru.a(os.o) (ptmSysmInit)
/opt/devkitpro/libctru/lib/libctru.a(initSystem.o)
                              /opt/devkitpro/libctru/lib/libctru.a(apt.o) (__system_retAddr)
/opt/devkitpro/libctru/lib/libctru.a(syscalls.o)
                              /opt/devkitpro/libctru/lib/libctru.a(initSystem.o) (__system_initSyscalls)
/opt/devkitpro/libctru/lib/libctru.a(allocateHeaps.o)
                              /opt/devkitpro/libctru/lib/libctru.a(initSystem.o) (__system_allocateHeaps)
/opt/devkitpro/libctru/lib/libctru.a(initArgv.o)
                              /opt/devkitpro/libctru/lib/libctru.a(initSystem.o) (__system_initArgv)
/opt/devkitpro/libctru/lib/libctru.a(svc.o)
                              /opt/devkitpro/libctru/lib/libctru.a(allocateHeaps.o) (svcControlMemory)
/opt/devkitpro/libctru/lib/libctru.a(stack_adjust.o)
                              /opt/devkitpro/devkitARM/lib/gcc/arm-none-eabi/5.3.0/../../../../arm-none-eabi/lib/armv6k/fpu/3dsx_crt0.o (initSystem)
/opt/devkitpro/libctru/lib/libctru.a(default_font.bin.o)
                              /opt/devkitpro/libctru/lib/libctru.a(console.o) (default_font_bin)
/opt/devkitpro/libctru/lib/libctru.a(vram.o)
                              /opt/devkitpro/libctru/lib/libctru.a(gfx.o) (vramAlloc)
/opt/devkitpro/libctru/lib/libctru.a(mappable.o)
                              /opt/devkitpro/libctru/lib/libctru.a(gfx.o) (mappableAlloc)
/opt/devkitpro/libctru/lib/libctru.a(linear.o)
                              /opt/devkitpro/libctru/lib/libctru.a(gfx.o) (linearAlloc)
/opt/devkitpro/libctru/lib/libctru.a(mem_pool.o)
                              /opt/devkitpro/libctru/lib/libctru.a(vram.o) (MemPool::Allocate(MemChunk&, unsigned long, int))
/opt/devkitpro/libctru/lib/libctru.a(synchronization.o)
                              /opt/devkitpro/libctru/lib/libctru.a(initSystem.o) (__sync_init)
/opt/devkitpro/libctru/lib/libctru.a(env.o)
                              /opt/devkitpro/libctru/lib/libctru.a(srv.o) (envGetHandle)
/opt/devkitpro/libctru/lib/libctru.a(irrst.o)
                              /opt/devkitpro/libctru/lib/libctru.a(hid.o) (irrstScanInput)
/opt/devkitpro/libctru/lib/libctru.a(rbtree_init.o)
                              /opt/devkitpro/libctru/lib/libctru.a(vram.o) (rbtree_init)
/opt/devkitpro/libctru/lib/libctru.a(rbtree_insert.o)
                              /opt/devkitpro/libctru/lib/libctru.a(vram.o) (rbtree_insert)
/opt/devkitpro/libctru/lib/libctru.a(rbtree_rotate.o)
                              /opt/devkitpro/libctru/lib/libctru.a(rbtree_insert.o) (rbtree_rotate)
/opt/devkitpro/libctru/lib/libctru.a(rbtree_remove.o)
                              /opt/devkitpro/libctru/lib/libctru.a(vram.o) (rbtree_remove)
/opt/devkitpro/libctru/lib/libctru.a(rbtree_find.o)
                              /opt/devkitpro/libctru/lib/libctru.a(vram.o) (rbtree_find)
/opt/devkitpro/libctru/lib/libctru.a(appInit.o)
                              /opt/devkitpro/libctru/lib/libctru.a(stack_adjust.o) (__appInit)
/opt/devkitpro/libctru/lib/libctru.a(appExit.o)
                              /opt/devkitpro/libctru/lib/libctru.a(stack_adjust.o) (__appExit)
/opt/devkitpro/libctru/lib/libctru.a(ctru_exit.o)
                              /opt/devkitpro/libctru/lib/libctru.a(stack_adjust.o) (__libctru_exit)
/opt/devkitpro/libctru/lib/libctru.a(sdmc_dev.o)
                              /opt/devkitpro/libctru/lib/libctru.a(appInit.o) (sdmcInit)
/opt/devkitpro/libctru/lib/libctru.a(fs.o)
                              /opt/devkitpro/libctru/lib/libctru.a(appInit.o) (fsInit)
/opt/devkitpro/libctru/lib/libctru.a(rbtree_iterator.o)
[...]
Memory Configuration

Name             Origin             Length             Attributes
*default*        0x0000000000000000 0xffffffffffffffff

Linker script and memory map

                0x0000000000100000                . = 0x100000
                0x0000000000100000                __start__ = .

.text           0x0000000000100000    0x211a0
 *(.crt0)
 .crt0          0x0000000000100000       0x94 /opt/devkitpro/devkitARM/lib/gcc/arm-none-eabi/5.3.0/../../../../arm-none-eabi/lib/armv6k/fpu/3dsx_crt0.o
                0x0000000000100000                _start
                0x0000000000100008                __service_ptr
                0x000000000010000c                __apt_appid
                0x0000000000100010                __heap_size
                0x0000000000100014                __linear_heap_size
                0x0000000000100018                __system_arglist
                0x000000000010001c                __system_runflags
 *(.init)
 .init          0x0000000000100094        0xc /opt/devkitpro/devkitARM/lib/gcc/arm-none-eabi/5.3.0/armv6k/fpu/crti.o
                0x0000000000100094                _init
 .init          0x00000000001000a0        0xc /opt/devkitpro/devkitARM/lib/gcc/arm-none-eabi/5.3.0/armv6k/fpu/crtn.o
                0x00000000001000ac                . = ALIGN (0x4)
 *(.text)
 .text          0x00000000001000ac      0x108 /opt/devkitpro/devkitARM/lib/gcc/arm-none-eabi/5.3.0/armv6k/fpu/crtbegin.o
 .text          0x00000000001001b4       0x64 /opt/devkitpro/libctru/lib/libctru.a(stack_adjust.o)
                0x00000000001001b4                initSystem
                0x00000000001001f8                __ctru_exit
 .text          0x0000000000100218      0x240 /opt/devkitpro/devkitARM/lib/gcc/arm-none-eabi/5.3.0/armv6k/fpu/libgcc.a(_divsi3.o)
                0x0000000000100218                __aeabi_idiv
                0x0000000000100218                __divsi3
                0x0000000000100438                __aeabi_idivmod
 .text          0x0000000000100458        0x4 /opt/devkitpro/devkitARM/lib/gcc/arm-none-eabi/5.3.0/armv6k/fpu/libgcc.a(_dvmd_tls.o)
                0x0000000000100458                __aeabi_ldiv0
                0x0000000000100458                __aeabi_idiv0
 .text          0x000000000010045c       0x3c /opt/devkitpro/devkitARM/lib/gcc/arm-none-eabi/5.3.0/armv6k/fpu/libgcc.a(_aeabi_uldivmod.o)
                0x000000000010045c                __aeabi_uldivmod
 .text          0x0000000000100498      0x128 /opt/devkitpro/devkitARM/lib/gcc/arm-none-eabi/5.3.0/armv6k/fpu/libgcc.a(_udivmoddi4.o)
                0x0000000000100498                __udivmoddi4
 .text          0x00000000001005c0      0x3a0 /opt/devkitpro/devkitARM/lib/gcc/arm-none-eabi/5.3.0/../../../../arm-none-eabi/lib/armv6k/fpu/libg.a(lib_a-strcmp.o)
                0x00000000001005c8                strcmp
 .text          0x0000000000100960      0x1c4 /opt/devkitpro/devkitARM/lib/gcc/arm-none-eabi/5.3.0/../../../../arm-none-eabi/lib/armv6k/fpu/libsysbase.a(iosupport.o)
                0x0000000000100968                setDefaultDevice
                0x0000000000100980                FindDevice
                0x0000000000100a3c                RemoveDevice
                0x0000000000100a68                AddDevice
                0x0000000000100b00                GetDeviceOpTab
 .text          0x0000000000100b24       0x7c /opt/devkitpro/devkitARM/lib/gcc/arm-none-eabi/5.3.0/../../../../arm-none-eabi/lib/armv6k/fpu/libsysbase.a(close.o)
                0x0000000000100b24                _close_r
 .text          0x0000000000100ba0       0x6c /opt/devkitpro/devkitARM/lib/gcc/arm-none-eabi/5.3.0/../../../../arm-none-eabi/lib/armv6k/fpu/libsysbase.a(fstat.o)
                0x0000000000100ba0                _fstat_r
 .text          0x0000000000100c0c        0x8 /opt/devkitpro/devkitARM/lib/gcc/arm-none-eabi/5.3.0/../../../../arm-none-eabi/lib/armv6k/fpu/libsysbase.a(isatty.o)
                0x0000000000100c0c                _isatty_r
 .text          0x0000000000100c14       0x78 /opt/devkitpro/devkitARM/lib/gcc/arm-none-eabi/5.3.0/../../../../arm-none-eabi/lib/armv6k/fpu/libsysbase.a(lseek.o)
                0x0000000000100c14                _lseek_r
 .text          0x0000000000100c8c       0x78 /opt/devkitpro/devkitARM/lib/gcc/arm-none-eabi/5.3.0/../../../../arm-none-eabi/lib/armv6k/fpu/libsysbase.a(read.o)
                0x0000000000100c8c                _read_r
 .text          0x0000000000100d04       0x70 /opt/devkitpro/devkitARM/lib/gcc/arm-none-eabi/5.3.0/../../../../arm-none-eabi/lib/armv6k/fpu/libsysbase.a(sbrk.o)
                0x0000000000100d04                _sbrk_r
 .text          0x0000000000100d74       0x78 /opt/devkitpro/devkitARM/lib/gcc/arm-none-eabi/5.3.0/../../../../arm-none-eabi/lib/armv6k/fpu/libsysbase.a(write.o)
                0x0000000000100d74                _write_r
 .text          0x0000000000100dec      0x3b0 /opt/devkitpro/devkitARM/lib/gcc/arm-none-eabi/5.3.0/../../../../arm-none-eabi/lib/armv6k/fpu/libsysbase.a(chdir.o)
                0x0000000000100dec                _concatenate_path
                0x0000000000100fa8                chdir
                0x00000000001010fc                getcwd
 .text          0x000000000010119c       0x10 /opt/devkitpro/devkitARM/lib/gcc/arm-none-eabi/5.3.0/../../../../arm-none-eabi/lib/armv6k/fpu/libsysbase.a(flock.o)
                0x000000000010119c                __flockfile
                0x00000000001011a4                __funlockfile
 .text          0x00000000001011ac      0x108 /opt/devkitpro/devkitARM/lib/gcc/arm-none-eabi/5.3.0/../../../../arm-none-eabi/lib/armv6k/fpu/libsysbase.a(syscall_support.o)
                0x00000000001011ac                __libc_lock_init
                0x00000000001011c4                __libc_lock_acquire
                0x00000000001011dc                __libc_lock_try_acquire
                0x0000000000101200                __libc_lock_release
                0x0000000000101218                __libc_lock_close
                0x0000000000101230                __libc_lock_init_recursive
                0x0000000000101248                __libc_lock_acquire_recursive
                0x0000000000101260                __libc_lock_try_acquire_recursive
                0x0000000000101284                __libc_lock_release_recursive
                0x000000000010129c                __libc_lock_close_recursive
 .text          0x00000000001012b4      0x2c4 /opt/devkitpro/devkitARM/lib/gcc/arm-none-eabi/5.3.0/../../../../arm-none-eabi/lib/armv6k/fpu/libsysbase.a(handle_manager.o)
                0x00000000001012b4                __free_handle
                0x00000000001012f8                __release_handle
                0x0000000000101334                __alloc_handle
                0x00000000001013ac                __get_handle
                0x00000000001013c8                dup
                0x000000000010146c                dup2
 .text          0x0000000000101578       0x28 /opt/devkitpro/devkitARM/lib/gcc/arm-none-eabi/5.3.0/../../../../arm-none-eabi/lib/armv6k/fpu/libsysbase.a(getreent.o)
                0x0000000000101578                __getreent
 .text          0x00000000001015a0      0x20c /opt/devkitpro/devkitARM/lib/gcc/arm-none-eabi/5.3.0/armv6k/fpu/libgcc.a(_udivsi3.o)
                0x00000000001015a0                __udivsi3
                0x00000000001015a0                __aeabi_uidiv
                0x000000000010178c                __aeabi_uidivmod
 *(.text.*)
 .text.startup.main
                0x00000000001017ac      0x108 main.o
                0x00000000001017ac                main
 .text.getSysTime
                0x00000000001018b4       0x58 /opt/devkitpro/libctru/lib/libctru.a(os.o)
 .text.osGetMemRegionUsed
                0x000000000010190c       0x24 /opt/devkitpro/libctru/lib/libctru.a(os.o)
                0x000000000010190c                osGetMemRegionUsed
 .text.__libctru_gtod
                0x0000000000101930       0xf8 /opt/devkitpro/libctru/lib/libctru.a(os.o)
                0x0000000000101930                __libctru_gtod
 .text.__ctru_speedup_config
                0x0000000000101a28       0x34 /opt/devkitpro/libctru/lib/libctru.a(os.o)
                0x0000000000101a28                __ctru_speedup_config
 .text.osSetSpeedupEnable
                0x0000000000101a5c       0x10 /opt/devkitpro/libctru/lib/libctru.a(os.o)
                0x0000000000101a5c                osSetSpeedupEnable
 .text.debug_write
                0x0000000000101a6c       0x1c /opt/devkitpro/libctru/lib/libctru.a(console.o)
                0x0000000000101a6c                debug_write
 .text.consoleDrawChar
                0x0000000000101a88      0x1ac /opt/devkitpro/libctru/lib/libctru.a(console.o)
                0x0000000000101a88                consoleDrawChar
 .text.consolePrintChar
                0x0000000000101c34      0x128 /opt/devkitpro/libctru/lib/libctru.a(console.o)
                0x0000000000101c34                consolePrintChar
 .text.consoleCls
                0x0000000000101d5c      0x184 /opt/devkitpro/libctru/lib/libctru.a(console.o)
 .text.consoleInit
                0x0000000000101ee0       0xf8 /opt/devkitpro/libctru/lib/libctru.a(console.o)
                0x0000000000101ee0                consoleInit
 .text.consoleClearLine
                0x0000000000101fd8      0x138 /opt/devkitpro/libctru/lib/libctru.a(console.o)
 .text.newRow   0x0000000000102110       0xc0 /opt/devkitpro/libctru/lib/libctru.a(console.o)
 .text.con_write
                0x00000000001021d0      0x86c /opt/devkitpro/libctru/lib/libctru.a(console.o)
                0x00000000001021d0                con_write
 .text.srvExit  0x0000000000102a3c       0x50 /opt/devkitpro/libctru/lib/libctru.a(srv.o)
                0x0000000000102a3c                srvExit
 .text.srvRegisterClient
                0x0000000000102a8c       0x38 /opt/devkitpro/libctru/lib/libctru.a(srv.o)
                0x0000000000102a8c                srvRegisterClient
 .text.srvInit  0x0000000000102ac4       0x70 /opt/devkitpro/libctru/lib/libctru.a(srv.o)
                0x0000000000102ac4                srvInit
 .text.srvGetServiceHandleDirect
                0x0000000000102b34       0x68 /opt/devkitpro/libctru/lib/libctru.a(srv.o)
                0x0000000000102b34                srvGetServiceHandleDirect
 .text.srvGetServiceHandle
                0x0000000000102b9c       0x38 /opt/devkitpro/libctru/lib/libctru.a(srv.o)
                0x0000000000102b9c                srvGetServiceHandle
 .text.gfxSetFramebufferInfo.part.0
                0x0000000000102bd4       0x8c /opt/devkitpro/libctru/lib/libctru.a(gfx.o)
 .text.gfxSetScreenFormat
                0x0000000000102c60       0x18 /opt/devkitpro/libctru/lib/libctru.a(gfx.o)
                0x0000000000102c60                gfxSetScreenFormat
 .text.gfxSetDoubleBuffering
                0x0000000000102c78       0x14 /opt/devkitpro/libctru/lib/libctru.a(gfx.o)
                0x0000000000102c78                gfxSetDoubleBuffering
 .text.gfxSetFramebufferInfo
                0x0000000000102c8c       0x70 /opt/devkitpro/libctru/lib/libctru.a(gfx.o)
                0x0000000000102c8c                gfxSetFramebufferInfo
 .text.gfxWriteFramebufferInfo
                0x0000000000102cfc       0x88 /opt/devkitpro/libctru/lib/libctru.a(gfx.o)
                0x0000000000102cfc                gfxWriteFramebufferInfo
 .text.gfxInit  0x0000000000102d84      0x1d0 /opt/devkitpro/libctru/lib/libctru.a(gfx.o)
                0x0000000000102d84                gfxInit
 .text.gfxInitDefault
                0x0000000000102f54       0x10 /opt/devkitpro/libctru/lib/libctru.a(gfx.o)
                0x0000000000102f54                gfxInitDefault
 .text.gfxExit  0x0000000000102f64       0xe0 /opt/devkitpro/libctru/lib/libctru.a(gfx.o)
                0x0000000000102f64                gfxExit
 .text.gfxGetFramebuffer
                0x0000000000103044       0xb0 /opt/devkitpro/libctru/lib/libctru.a(gfx.o)
                0x0000000000103044                gfxGetFramebuffer
 .text.gfxFlushBuffers
                0x00000000001030f4       0xcc /opt/devkitpro/libctru/lib/libctru.a(gfx.o)
                0x00000000001030f4                gfxFlushBuffers
 .text.gfxConfigScreen
                0x00000000001031c0       0x70 /opt/devkitpro/libctru/lib/libctru.a(gfx.o)
                0x00000000001031c0                gfxConfigScreen
 .text.gfxSwapBuffers
                0x0000000000103230       0x20 /opt/devkitpro/libctru/lib/libctru.a(gfx.o)
                0x0000000000103230                gfxSwapBuffers
 .text.gfxSwapBuffersGpu
                0x0000000000103250       0x20 /opt/devkitpro/libctru/lib/libctru.a(gfx.o)
                0x0000000000103250                gfxSwapBuffersGpu
 .text.threadCreate
                0x0000000000103270      0x1c8 /opt/devkitpro/libctru/lib/libctru.a(thread.o)
                0x0000000000103270                threadCreate
 .text.threadJoin
                0x0000000000103438       0x24 /opt/devkitpro/libctru/lib/libctru.a(thread.o)
                0x0000000000103438                threadJoin
 .text.threadExit
                0x000000000010345c       0x6c /opt/devkitpro/libctru/lib/libctru.a(thread.o)
                0x000000000010345c                threadExit
 .text._thread_begin
                0x00000000001034c8       0x3c /opt/devkitpro/libctru/lib/libctru.a(thread.o)
 .text.gspEventThreadMain
                0x0000000000103504      0x124 /opt/devkitpro/libctru/lib/libctru.a(gspgpu.o)
 .text.gspInit  0x0000000000103628       0x74 /opt/devkitpro/libctru/lib/libctru.a(gspgpu.o)
                0x0000000000103628                gspInit
 .text.gspExit  0x000000000010369c       0x3c /opt/devkitpro/libctru/lib/libctru.a(gspgpu.o)
                0x000000000010369c                gspExit
 .text.gspInitEventHandler
                0x00000000001036d8       0xd0 /opt/devkitpro/libctru/lib/libctru.a(gspgpu.o)
                0x00000000001036d8                gspInitEventHandler
 .text.gspExitEventHandler
                0x00000000001037a8       0x5c /opt/devkitpro/libctru/lib/libctru.a(gspgpu.o)
                0x00000000001037a8                gspExitEventHandler
 .text.gspWaitForEvent
                0x0000000000103804       0x58 /opt/devkitpro/libctru/lib/libctru.a(gspgpu.o)
                0x0000000000103804                gspWaitForEvent
 .text.GSPGPU_SetBufferSwap
                0x000000000010385c       0x6c /opt/devkitpro/libctru/lib/libctru.a(gspgpu.o)
                0x000000000010385c                GSPGPU_SetBufferSwap
 .text.GSPGPU_FlushDataCache
                0x00000000001038c8       0x4c /opt/devkitpro/libctru/lib/libctru.a(gspgpu.o)
                0x00000000001038c8                GSPGPU_FlushDataCache
 .text.GSPGPU_SetLcdForceBlack
                0x0000000000103914       0x34 /opt/devkitpro/libctru/lib/libctru.a(gspgpu.o)
                0x0000000000103914                GSPGPU_SetLcdForceBlack
 .text.GSPGPU_RegisterInterruptRelayQueue
                0x0000000000103948       0x64 /opt/devkitpro/libctru/lib/libctru.a(gspgpu.o)
                0x0000000000103948                GSPGPU_RegisterInterruptRelayQueue
 .text.GSPGPU_UnregisterInterruptRelayQueue
                0x00000000001039ac       0x2c /opt/devkitpro/libctru/lib/libctru.a(gspgpu.o)
                0x00000000001039ac                GSPGPU_UnregisterInterruptRelayQueue
 .text.GSPGPU_AcquireRight
                0x00000000001039d8       0x48 /opt/devkitpro/libctru/lib/libctru.a(gspgpu.o)
                0x00000000001039d8                GSPGPU_AcquireRight
 .text.GSPGPU_ReleaseRight
                0x0000000000103a20       0x2c /opt/devkitpro/libctru/lib/libctru.a(gspgpu.o)
                0x0000000000103a20                GSPGPU_ReleaseRight
 .text.GSPGPU_ImportDisplayCaptureInfo
                0x0000000000103a4c       0x80 /opt/devkitpro/libctru/lib/libctru.a(gspgpu.o)
                0x0000000000103a4c                GSPGPU_ImportDisplayCaptureInfo
 .text.GSPGPU_SaveVramSysArea
                0x0000000000103acc       0x2c /opt/devkitpro/libctru/lib/libctru.a(gspgpu.o)
                0x0000000000103acc                GSPGPU_SaveVramSysArea
 .text.GSPGPU_RestoreVramSysArea
                0x0000000000103af8       0x2c /opt/devkitpro/libctru/lib/libctru.a(gspgpu.o)
                0x0000000000103af8                GSPGPU_RestoreVramSysArea
 .text.hidExit  0x0000000000103b24       0xd8 /opt/devkitpro/libctru/lib/libctru.a(hid.o)
                0x0000000000103b24                hidExit
 .text.hidScanInput
                0x0000000000103bfc      0x238 /opt/devkitpro/libctru/lib/libctru.a(hid.o)
                0x0000000000103bfc                hidScanInput
 .text.hidKeysDown
                0x0000000000103e34       0x10 /opt/devkitpro/libctru/lib/libctru.a(hid.o)
                0x0000000000103e34                hidKeysDown
 .text.HIDUSER_GetHandles
                0x0000000000103e44       0x90 /opt/devkitpro/libctru/lib/libctru.a(hid.o)
                0x0000000000103e44                HIDUSER_GetHandles
 .text.hidInit  0x0000000000103ed4      0x184 /opt/devkitpro/libctru/lib/libctru.a(hid.o)
                0x0000000000103ed4                hidInit
 .text.nsInit   0x0000000000104058       0x70 /opt/devkitpro/libctru/lib/libctru.a(ns.o)
                0x0000000000104058                nsInit
 .text.nsExit   0x00000000001040c8       0x34 /opt/devkitpro/libctru/lib/libctru.a(ns.o)
                0x00000000001040c8                nsExit
 .text.NS_LaunchTitle
                0x00000000001040fc       0x50 /opt/devkitpro/libctru/lib/libctru.a(ns.o)
                0x00000000001040fc                NS_LaunchTitle
 .text.NS_TerminateProcessTID
                0x000000000010414c       0x44 /opt/devkitpro/libctru/lib/libctru.a(ns.o)
                0x000000000010414c                NS_TerminateProcessTID
 .text.__apt_initservicehandle
                0x0000000000104190       0x68 /opt/devkitpro/libctru/lib/libctru.a(apt.o)
 .text._aptDebug
                0x00000000001041f8        0x4 /opt/devkitpro/libctru/lib/libctru.a(apt.o)
                0x00000000001041f8                _aptDebug
 .text.aptInitCaptureInfo
                0x00000000001041fc       0x98 /opt/devkitpro/libctru/lib/libctru.a(apt.o)
                0x00000000001041fc                aptInitCaptureInfo
 .text.aptWaitStatusEvent
                0x0000000000104294       0x28 /opt/devkitpro/libctru/lib/libctru.a(apt.o)
                0x0000000000104294                aptWaitStatusEvent
 .text.aptGetMenuAppID
                0x00000000001042bc       0x60 /opt/devkitpro/libctru/lib/libctru.a(apt.o)
                0x00000000001042bc                aptGetMenuAppID
 .text.aptSetStatus
                0x000000000010431c       0x6c /opt/devkitpro/libctru/lib/libctru.a(apt.o)
                0x000000000010431c                aptSetStatus
 .text.APT_GetLockHandle
                0x0000000000104388       0x48 /opt/devkitpro/libctru/lib/libctru.a(apt.o)
                0x0000000000104388                APT_GetLockHandle
 .text.APT_Initialize
                0x00000000001043d0       0x60 /opt/devkitpro/libctru/lib/libctru.a(apt.o)
                0x00000000001043d0                APT_Initialize
 .text.APT_Finalize
                0x0000000000104430       0x34 /opt/devkitpro/libctru/lib/libctru.a(apt.o)
                0x0000000000104430                APT_Finalize
 .text.APT_InquireNotification
                0x0000000000104464       0x48 /opt/devkitpro/libctru/lib/libctru.a(apt.o)
                0x0000000000104464                APT_InquireNotification
 .text.APT_PrepareToJumpToHomeMenu
                0x00000000001044ac       0x2c /opt/devkitpro/libctru/lib/libctru.a(apt.o)
                0x00000000001044ac                APT_PrepareToJumpToHomeMenu
 .text.APT_JumpToHomeMenu
                0x00000000001044d8       0x50 /opt/devkitpro/libctru/lib/libctru.a(apt.o)
                0x00000000001044d8                APT_JumpToHomeMenu
 .text.APT_PrepareToJumpToApplication
                0x0000000000104528       0x34 /opt/devkitpro/libctru/lib/libctru.a(apt.o)
                0x0000000000104528                APT_PrepareToJumpToApplication
 .text.APT_JumpToApplication
                0x000000000010455c       0x50 /opt/devkitpro/libctru/lib/libctru.a(apt.o)
                0x000000000010455c                APT_JumpToApplication
 .text.APT_NotifyToWait
                0x00000000001045ac       0x34 /opt/devkitpro/libctru/lib/libctru.a(apt.o)
                0x00000000001045ac                APT_NotifyToWait
 .text.APT_AppletUtility
                0x00000000001045e0       0x8c /opt/devkitpro/libctru/lib/libctru.a(apt.o)
                0x00000000001045e0                APT_AppletUtility
 .text.aptAppletUtility_Exit_RetToApp
                0x000000000010466c      0x188 /opt/devkitpro/libctru/lib/libctru.a(apt.o)
                0x000000000010466c                aptAppletUtility_Exit_RetToApp
 .text.aptAppletClosed
                0x00000000001047f4       0x3c /opt/devkitpro/libctru/lib/libctru.a(apt.o)
                0x00000000001047f4                aptAppletClosed
 .text.aptAppStarted
                0x0000000000104830      0x114 /opt/devkitpro/libctru/lib/libctru.a(apt.o)
 .text.aptInit  0x0000000000104944      0x298 /opt/devkitpro/libctru/lib/libctru.a(apt.o)
                0x0000000000104944                aptInit
 .text.APT_ReceiveParameter
                0x0000000000104bdc       0x6c /opt/devkitpro/libctru/lib/libctru.a(apt.o)
                0x0000000000104bdc                APT_ReceiveParameter
 .text.APT_SendParameter
                0x0000000000104c48       0x64 /opt/devkitpro/libctru/lib/libctru.a(apt.o)
                0x0000000000104c48                APT_SendParameter
 .text.APT_SendCaptureBufferInfo
                0x0000000000104cac       0x44 /opt/devkitpro/libctru/lib/libctru.a(apt.o)
                0x0000000000104cac                APT_SendCaptureBufferInfo
 .text.aptReturnToMenu
                0x0000000000104cf0      0x264 /opt/devkitpro/libctru/lib/libctru.a(apt.o)
                0x0000000000104cf0                aptReturnToMenu
 .text.APT_ReplySleepQuery
                0x0000000000104f54       0x38 /opt/devkitpro/libctru/lib/libctru.a(apt.o)
                0x0000000000104f54                APT_ReplySleepQuery
 .text.APT_ReplySleepNotificationComplete
                0x0000000000104f8c       0x34 /opt/devkitpro/libctru/lib/libctru.a(apt.o)
                0x0000000000104f8c                APT_ReplySleepNotificationComplete
 .text.aptEventHandler
                0x0000000000104fc0      0x3f4 /opt/devkitpro/libctru/lib/libctru.a(apt.o)
                0x0000000000104fc0                aptEventHandler
 .text.APT_PrepareToCloseApplication
                0x00000000001053b4       0x34 /opt/devkitpro/libctru/lib/libctru.a(apt.o)
                0x00000000001053b4                APT_PrepareToCloseApplication
 .text.APT_CloseApplication
                0x00000000001053e8       0x50 /opt/devkitpro/libctru/lib/libctru.a(apt.o)
                0x00000000001053e8                APT_CloseApplication
 .text.aptExit  0x0000000000105438      0x2d0 /opt/devkitpro/libctru/lib/libctru.a(apt.o)
                0x0000000000105438                aptExit
 .text.APT_CheckNew3DS_System
                0x0000000000105708       0x6c /opt/devkitpro/libctru/lib/libctru.a(apt.o)
                0x0000000000105708                APT_CheckNew3DS_System
 .text.APT_CheckNew3DS
                0x0000000000105774       0x8c /opt/devkitpro/libctru/lib/libctru.a(apt.o)
                0x0000000000105774                APT_CheckNew3DS
 .text.APT_StartLibraryApplet
                0x0000000000105800       0x54 /opt/devkitpro/libctru/lib/libctru.a(apt.o)
                0x0000000000105800                APT_StartLibraryApplet
 .text.aptAppletStarted
                0x0000000000105854      0x174 /opt/devkitpro/libctru/lib/libctru.a(apt.o)
                0x0000000000105854                aptAppletStarted
 .text.aptMainLoop
                0x00000000001059c8      0x1a4 /opt/devkitpro/libctru/lib/libctru.a(apt.o)
                0x00000000001059c8                aptMainLoop
 .text.ptmSysmInit
                0x0000000000105b6c       0x70 /opt/devkitpro/libctru/lib/libctru.a(ptmsysm.o)
                0x0000000000105b6c                ptmSysmInit
 .text.ptmSysmExit
                0x0000000000105bdc       0x34 /opt/devkitpro/libctru/lib/libctru.a(ptmsysm.o)
                0x0000000000105bdc                ptmSysmExit
 .text.PTMSYSM_ConfigureNew3DSCPU
                0x0000000000105c10       0x34 /opt/devkitpro/libctru/lib/libctru.a(ptmsysm.o)
                0x0000000000105c10                PTMSYSM_ConfigureNew3DSCPU
 .text.__libctru_init
                0x0000000000105c44       0x38 /opt/devkitpro/libctru/lib/libctru.a(initSystem.o)
                0x0000000000105c44                __libctru_init
 .text.__ctru_get_reent
                0x0000000000105c7c       0x30 /opt/devkitpro/libctru/lib/libctru.a(syscalls.o)
 .text.__system_initSyscalls
                0x0000000000105cac       0xe8 /opt/devkitpro/libctru/lib/libctru.a(syscalls.o)
                0x0000000000105cac                __system_initSyscalls
 .text.osGetMemRegionSize
                0x0000000000105d94       0x58 /opt/devkitpro/libctru/lib/libctru.a(allocateHeaps.o)
 .text.__system_allocateHeaps
                0x0000000000105dec      0x124 /opt/devkitpro/libctru/lib/libctru.a(allocateHeaps.o)
                0x0000000000105dec                __system_allocateHeaps
 .text.__system_initArgv
                0x0000000000105f10       0xf4 /opt/devkitpro/libctru/lib/libctru.a(initArgv.o)
                0x0000000000105f10                __system_initArgv
 .text.svcControlMemory
                0x0000000000106004       0x20 /opt/devkitpro/libctru/lib/libctru.a(svc.o)
                0x0000000000106004                svcControlMemory
 .text.svcExitProcess
                0x0000000000106024        0x8 /opt/devkitpro/libctru/lib/libctru.a(svc.o)
                0x0000000000106024                svcExitProcess
 .text.svcCreateThread
                0x000000000010602c       0x20 /opt/devkitpro/libctru/lib/libctru.a(svc.o)
                0x000000000010602c                svcCreateThread
 .text.svcExitThread
                0x000000000010604c        0x8 /opt/devkitpro/libctru/lib/libctru.a(svc.o)
                0x000000000010604c                svcExitThread
 .text.svcCreateEvent
                0x0000000000106054       0x14 /opt/devkitpro/libctru/lib/libctru.a(svc.o)
                0x0000000000106054                svcCreateEvent
 .text.svcSignalEvent
                0x0000000000106068        0x8 /opt/devkitpro/libctru/lib/libctru.a(svc.o)
                0x0000000000106068                svcSignalEvent
 .text.svcClearEvent
                0x0000000000106070        0x8 /opt/devkitpro/libctru/lib/libctru.a(svc.o)
                0x0000000000106070                svcClearEvent
 .text.svcMapMemoryBlock
                0x0000000000106078        0x8 /opt/devkitpro/libctru/lib/libctru.a(svc.o)
                0x0000000000106078                svcMapMemoryBlock
 .text.svcUnmapMemoryBlock
                0x0000000000106080        0x8 /opt/devkitpro/libctru/lib/libctru.a(svc.o)
                0x0000000000106080                svcUnmapMemoryBlock
 .text.svcCreateAddressArbiter
                0x0000000000106088       0x14 /opt/devkitpro/libctru/lib/libctru.a(svc.o)
                0x0000000000106088                svcCreateAddressArbiter
 .text.svcArbitrateAddress
                0x000000000010609c       0x18 /opt/devkitpro/libctru/lib/libctru.a(svc.o)
                0x000000000010609c                svcArbitrateAddress
 .text.svcCloseHandle
                0x00000000001060b4        0x8 /opt/devkitpro/libctru/lib/libctru.a(svc.o)
                0x00000000001060b4                svcCloseHandle
 .text.svcWaitSynchronization
                0x00000000001060bc        0x8 /opt/devkitpro/libctru/lib/libctru.a(svc.o)
                0x00000000001060bc                svcWaitSynchronization
 .text.svcWaitSynchronizationN
                0x00000000001060c4       0x28 /opt/devkitpro/libctru/lib/libctru.a(svc.o)
                0x00000000001060c4                svcWaitSynchronizationN
 .text.svcDuplicateHandle
                0x00000000001060ec       0x14 /opt/devkitpro/libctru/lib/libctru.a(svc.o)
                0x00000000001060ec                svcDuplicateHandle
 .text.svcGetSystemTick
                0x0000000000106100        0x8 /opt/devkitpro/libctru/lib/libctru.a(svc.o)
                0x0000000000106100                svcGetSystemTick
 .text.svcGetSystemInfo
                0x0000000000106108       0x18 /opt/devkitpro/libctru/lib/libctru.a(svc.o)
                0x0000000000106108                svcGetSystemInfo
 .text.svcConnectToPort
                0x0000000000106120       0x14 /opt/devkitpro/libctru/lib/libctru.a(svc.o)
                0x0000000000106120                svcConnectToPort
 .text.svcSendSyncRequest
                0x0000000000106134        0x8 /opt/devkitpro/libctru/lib/libctru.a(svc.o)
                0x0000000000106134                svcSendSyncRequest
 .text.svcBreak
                0x000000000010613c        0x8 /opt/devkitpro/libctru/lib/libctru.a(svc.o)
                0x000000000010613c                svcBreak
 .text.svcOutputDebugString
                0x0000000000106144        0x8 /opt/devkitpro/libctru/lib/libctru.a(svc.o)
                0x0000000000106144                svcOutputDebugString
 .text._ZL21addrMapNodeComparatorPK11rbtree_nodeS1_
                0x000000000010614c       0x24 /opt/devkitpro/libctru/lib/libctru.a(vram.o)
 .text._ZL21addrMapNodeDestructorP11rbtree_node
                0x0000000000106170        0x4 /opt/devkitpro/libctru/lib/libctru.a(vram.o)
 .text.vramMemAlign
                0x0000000000106174      0x130 /opt/devkitpro/libctru/lib/libctru.a(vram.o)
                0x0000000000106174                vramMemAlign
 .text.vramAlloc
                0x00000000001062a4        0x8 /opt/devkitpro/libctru/lib/libctru.a(vram.o)
                0x00000000001062a4                vramAlloc
 .text.vramFree
                0x00000000001062ac       0x50 /opt/devkitpro/libctru/lib/libctru.a(vram.o)
                0x00000000001062ac                vramFree
 .text._ZL21addrMapNodeComparatorPK11rbtree_nodeS1_
                0x00000000001062fc       0x24 /opt/devkitpro/libctru/lib/libctru.a(mappable.o)
 .text._ZL21addrMapNodeDestructorP11rbtree_node
                0x0000000000106320        0x4 /opt/devkitpro/libctru/lib/libctru.a(mappable.o)
 .text.mappableAlloc
                0x0000000000106324       0xf4 /opt/devkitpro/libctru/lib/libctru.a(mappable.o)
                0x0000000000106324                mappableAlloc
 .text.mappableFree
                0x0000000000106418       0x50 /opt/devkitpro/libctru/lib/libctru.a(mappable.o)
                0x0000000000106418                mappableFree
 .text._ZL21addrMapNodeComparatorPK11rbtree_nodeS1_
                0x0000000000106468       0x24 /opt/devkitpro/libctru/lib/libctru.a(linear.o)
 .text._ZL21addrMapNodeDestructorP11rbtree_node
                0x000000000010648c        0x4 /opt/devkitpro/libctru/lib/libctru.a(linear.o)
 .text.linearMemAlign
                0x0000000000106490      0x140 /opt/devkitpro/libctru/lib/libctru.a(linear.o)
                0x0000000000106490                linearMemAlign
 .text.linearAlloc
                0x00000000001065d0        0x8 /opt/devkitpro/libctru/lib/libctru.a(linear.o)
                0x00000000001065d0                linearAlloc
 .text.linearFree
                0x00000000001065d8       0x50 /opt/devkitpro/libctru/lib/libctru.a(linear.o)
                0x00000000001065d8                linearFree
 .text._ZN7MemPool13CoalesceRightEP8MemBlock
                0x0000000000106628       0xa0 /opt/devkitpro/libctru/lib/libctru.a(mem_pool.o)
                0x0000000000106628                MemPool::CoalesceRight(MemBlock*)
 .text._ZN7MemPool8AllocateER8MemChunkmi
                0x00000000001066c8      0x18c /opt/devkitpro/libctru/lib/libctru.a(mem_pool.o)
                0x00000000001066c8                MemPool::Allocate(MemChunk&, unsigned long, int)
 .text._ZN7MemPool10DeallocateERK8MemChunk
                0x0000000000106854      0x104 /opt/devkitpro/libctru/lib/libctru.a(mem_pool.o)
                0x0000000000106854                MemPool::Deallocate(MemChunk const&)
 .text.LightLock_Unlock.part.1
                0x0000000000106958       0x34 /opt/devkitpro/libctru/lib/libctru.a(synchronization.o)
 .text.__sync_init
                0x000000000010698c        0xc /opt/devkitpro/libctru/lib/libctru.a(synchronization.o)
                0x000000000010698c                __sync_init
 .text.__sync_fini
                0x0000000000106998       0x18 /opt/devkitpro/libctru/lib/libctru.a(synchronization.o)
                0x0000000000106998                __sync_fini
 .text.LightLock_Init
                0x00000000001069b0       0x18 /opt/devkitpro/libctru/lib/libctru.a(synchronization.o)
                0x00000000001069b0                LightLock_Init
 .text.LightLock_Lock
                0x00000000001069c8       0x94 /opt/devkitpro/libctru/lib/libctru.a(synchronization.o)
                0x00000000001069c8                LightLock_Lock
 .text.LightLock_TryLock
                0x0000000000106a5c       0x34 /opt/devkitpro/libctru/lib/libctru.a(synchronization.o)
                0x0000000000106a5c                LightLock_TryLock
 .text.LightLock_Unlock
                0x0000000000106a90       0x20 /opt/devkitpro/libctru/lib/libctru.a(synchronization.o)
                0x0000000000106a90                LightLock_Unlock
 .text.RecursiveLock_Init
                0x0000000000106ab0       0x24 /opt/devkitpro/libctru/lib/libctru.a(synchronization.o)
                0x0000000000106ab0                RecursiveLock_Init
 .text.RecursiveLock_Lock
                0x0000000000106ad4       0x30 /opt/devkitpro/libctru/lib/libctru.a(synchronization.o)
                0x0000000000106ad4                RecursiveLock_Lock
 .text.RecursiveLock_TryLock
                0x0000000000106b04       0x58 /opt/devkitpro/libctru/lib/libctru.a(synchronization.o)
                0x0000000000106b04                RecursiveLock_TryLock
 .text.RecursiveLock_Unlock
                0x0000000000106b5c       0x38 /opt/devkitpro/libctru/lib/libctru.a(synchronization.o)
                0x0000000000106b5c                RecursiveLock_Unlock
 .text.envGetHandle
                0x0000000000106b94       0x94 /opt/devkitpro/libctru/lib/libctru.a(env.o)
                0x0000000000106b94                envGetHandle
 .text.envDestroyHandles
                0x0000000000106c28       0x4c /opt/devkitpro/libctru/lib/libctru.a(env.o)
                0x0000000000106c28                envDestroyHandles
 .text.irrstScanInput
                0x0000000000106c74       0xb0 /opt/devkitpro/libctru/lib/libctru.a(irrst.o)
                0x0000000000106c74                irrstScanInput
 .text.irrstKeysHeld
                0x0000000000106d24       0x1c /opt/devkitpro/libctru/lib/libctru.a(irrst.o)
                0x0000000000106d24                irrstKeysHeld
 .text.IRRST_GetHandles
                0x0000000000106d40       0x50 /opt/devkitpro/libctru/lib/libctru.a(irrst.o)
                0x0000000000106d40                IRRST_GetHandles
 .text.irrstInit
                0x0000000000106d90      0x148 /opt/devkitpro/libctru/lib/libctru.a(irrst.o)
                0x0000000000106d90                irrstInit
 .text.IRRST_Shutdown
                0x0000000000106ed8       0x2c /opt/devkitpro/libctru/lib/libctru.a(irrst.o)
                0x0000000000106ed8                IRRST_Shutdown
 .text.irrstExit
                0x0000000000106f04       0xb0 /opt/devkitpro/libctru/lib/libctru.a(irrst.o)
                0x0000000000106f04                irrstExit
 .text.rbtree_init
                0x0000000000106fb4       0x14 /opt/devkitpro/libctru/lib/libctru.a(rbtree_init.o)
                0x0000000000106fb4                rbtree_init
 .text.do_insert
                0x0000000000106fc8      0x1d4 /opt/devkitpro/libctru/lib/libctru.a(rbtree_insert.o)
 .text.rbtree_insert
                0x000000000010719c        0x8 /opt/devkitpro/libctru/lib/libctru.a(rbtree_insert.o)
                0x000000000010719c                rbtree_insert
 .text.rbtree_rotate
                0x00000000001071a4       0xac /opt/devkitpro/libctru/lib/libctru.a(rbtree_rotate.o)
                0x00000000001071a4                rbtree_rotate
 .text.rbtree_remove
                0x0000000000107250      0x35c /opt/devkitpro/libctru/lib/libctru.a(rbtree_remove.o)
                0x0000000000107250                rbtree_remove
 .text.rbtree_find
                0x00000000001075ac       0x70 /opt/devkitpro/libctru/lib/libctru.a(rbtree_find.o)
                0x00000000001075ac                rbtree_find
 .text.__appInit
                0x000000000010761c       0x1c /opt/devkitpro/libctru/lib/libctru.a(appInit.o)
                0x000000000010761c                __appInit
 .text.__appExit
                0x0000000000107638       0x1c /opt/devkitpro/libctru/lib/libctru.a(appExit.o)
                0x0000000000107638                __appExit
 .text.__libctru_exit
                0x0000000000107654       0xa4 /opt/devkitpro/libctru/lib/libctru.a(ctru_exit.o)
                0x0000000000107654                __libctru_exit
 .text.sdmc_link
                0x00000000001076f8       0x10 /opt/devkitpro/libctru/lib/libctru.a(sdmc_dev.o)
 .text.sdmc_dirreset
                0x0000000000107708       0x10 /opt/devkitpro/libctru/lib/libctru.a(sdmc_dev.o)
 .text.sdmc_chmod
                0x0000000000107718       0x10 /opt/devkitpro/libctru/lib/libctru.a(sdmc_dev.o)
 .text.sdmc_fchmod
                0x0000000000107728       0x10 /opt/devkitpro/libctru/lib/libctru.a(sdmc_dev.o)
 .text.error_cmp
                0x0000000000107738       0x24 /opt/devkitpro/libctru/lib/libctru.a(sdmc_dev.o)
 .text.sdmc_translate_error
                0x000000000010775c       0x50 /opt/devkitpro/libctru/lib/libctru.a(sdmc_dev.o)
 .text.sdmc_fsync
                0x00000000001077ac       0x34 /opt/devkitpro/libctru/lib/libctru.a(sdmc_dev.o)
 .text.sdmc_ftruncate
                0x00000000001077e0       0x54 /opt/devkitpro/libctru/lib/libctru.a(sdmc_dev.o)
 .text.sdmc_statvfs
                0x0000000000107834       0xac /opt/devkitpro/libctru/lib/libctru.a(sdmc_dev.o)
 .text.sdmc_dirclose
                0x00000000001078e0       0x38 /opt/devkitpro/libctru/lib/libctru.a(sdmc_dev.o)
 .text.sdmc_dirnext
                0x0000000000107918      0x13c /opt/devkitpro/libctru/lib/libctru.a(sdmc_dev.o)
 .text.sdmc_close
                0x0000000000107a54       0x34 /opt/devkitpro/libctru/lib/libctru.a(sdmc_dev.o)
 .text.sdmc_fstat
                0x0000000000107a88       0x74 /opt/devkitpro/libctru/lib/libctru.a(sdmc_dev.o)
 .text.sdmc_seek
                0x0000000000107afc       0xc0 /opt/devkitpro/libctru/lib/libctru.a(sdmc_dev.o)
 .text.sdmc_read
                0x0000000000107bbc       0x8c /opt/devkitpro/libctru/lib/libctru.a(sdmc_dev.o)
 .text.sdmc_write_safe
                0x0000000000107c48      0x110 /opt/devkitpro/libctru/lib/libctru.a(sdmc_dev.o)
 .text.sdmc_utf16path
                0x0000000000107d58      0x1b4 /opt/devkitpro/libctru/lib/libctru.a(sdmc_dev.o)
 .text.sdmc_rmdir
                0x0000000000107f0c       0x80 /opt/devkitpro/libctru/lib/libctru.a(sdmc_dev.o)
 .text.sdmc_diropen
                0x0000000000107f8c       0xb4 /opt/devkitpro/libctru/lib/libctru.a(sdmc_dev.o)
 .text.sdmc_chdir
                0x0000000000108040       0xa8 /opt/devkitpro/libctru/lib/libctru.a(sdmc_dev.o)
 .text.sdmc_mkdir
                0x00000000001080e8       0xa4 /opt/devkitpro/libctru/lib/libctru.a(sdmc_dev.o)
 .text.sdmc_rename
                0x000000000010818c      0x138 /opt/devkitpro/libctru/lib/libctru.a(sdmc_dev.o)
 .text.sdmc_unlink
                0x00000000001082c4       0x80 /opt/devkitpro/libctru/lib/libctru.a(sdmc_dev.o)
 .text.sdmc_stat
                0x0000000000108344      0x120 /opt/devkitpro/libctru/lib/libctru.a(sdmc_dev.o)
 .text.sdmc_open
                0x0000000000108464      0x1ac /opt/devkitpro/libctru/lib/libctru.a(sdmc_dev.o)
 .text.sdmcInit
                0x0000000000108610      0x134 /opt/devkitpro/libctru/lib/libctru.a(sdmc_dev.o)
                0x0000000000108610                sdmcInit
 .text.sdmcExit
                0x0000000000108744       0x50 /opt/devkitpro/libctru/lib/libctru.a(sdmc_dev.o)
                0x0000000000108744                sdmcExit
 .text.fsInit   0x0000000000108794       0xc8 /opt/devkitpro/libctru/lib/libctru.a(fs.o)
                0x0000000000108794                fsInit
 .text.fsExit   0x000000000010885c       0x34 /opt/devkitpro/libctru/lib/libctru.a(fs.o)
                0x000000000010885c                fsExit
 .text.FSUSER_OpenFile
                0x0000000000108890       0xdc /opt/devkitpro/libctru/lib/libctru.a(fs.o)
                0x0000000000108890                FSUSER_OpenFile
 .text.FSUSER_DeleteFile
                0x000000000010896c       0xb8 /opt/devkitpro/libctru/lib/libctru.a(fs.o)
                0x000000000010896c                FSUSER_DeleteFile
 .text.FSUSER_RenameFile
                0x0000000000108a24       0xf4 /opt/devkitpro/libctru/lib/libctru.a(fs.o)
                0x0000000000108a24                FSUSER_RenameFile
 .text.FSUSER_DeleteDirectory
                0x0000000000108b18       0xb8 /opt/devkitpro/libctru/lib/libctru.a(fs.o)
                0x0000000000108b18                FSUSER_DeleteDirectory
 .text.FSUSER_CreateFile
                0x0000000000108bd0       0xd0 /opt/devkitpro/libctru/lib/libctru.a(fs.o)
                0x0000000000108bd0                FSUSER_CreateFile
 .text.FSUSER_CreateDirectory
                0x0000000000108ca0       0xc0 /opt/devkitpro/libctru/lib/libctru.a(fs.o)
                0x0000000000108ca0                FSUSER_CreateDirectory
 .text.FSUSER_RenameDirectory
                0x0000000000108d60       0xf4 /opt/devkitpro/libctru/lib/libctru.a(fs.o)
                0x0000000000108d60                FSUSER_RenameDirectory
 .text.FSUSER_OpenDirectory
                0x0000000000108e54       0xc4 /opt/devkitpro/libctru/lib/libctru.a(fs.o)
                0x0000000000108e54                FSUSER_OpenDirectory
 .text.FSUSER_OpenArchive
                0x0000000000108f18       0xbc /opt/devkitpro/libctru/lib/libctru.a(fs.o)
                0x0000000000108f18                FSUSER_OpenArchive
 .text.FSUSER_CloseArchive
                0x0000000000108fd4       0x88 /opt/devkitpro/libctru/lib/libctru.a(fs.o)
                0x0000000000108fd4                FSUSER_CloseArchive
 .text.FSUSER_GetSdmcArchiveResource
                0x000000000010905c       0x8c /opt/devkitpro/libctru/lib/libctru.a(fs.o)
                0x000000000010905c                FSUSER_GetSdmcArchiveResource
 .text.FSUSER_IsSdmcWritable
                0x00000000001090e8       0x64 /opt/devkitpro/libctru/lib/libctru.a(fs.o)
                0x00000000001090e8                FSUSER_IsSdmcWritable
 .text.FSFILE_Read
                0x000000000010914c       0x5c /opt/devkitpro/libctru/lib/libctru.a(fs.o)
                0x000000000010914c                FSFILE_Read
 .text.FSFILE_Write
                0x00000000001091a8       0x64 /opt/devkitpro/libctru/lib/libctru.a(fs.o)
                0x00000000001091a8                FSFILE_Write
 .text.FSFILE_GetSize
                0x000000000010920c       0x3c /opt/devkitpro/libctru/lib/libctru.a(fs.o)
                0x000000000010920c                FSFILE_GetSize
 .text.FSFILE_SetSize
                0x0000000000109248       0x2c /opt/devkitpro/libctru/lib/libctru.a(fs.o)
                0x0000000000109248                FSFILE_SetSize
 .text.FSFILE_Close
                0x0000000000109274       0x3c /opt/devkitpro/libctru/lib/libctru.a(fs.o)
                0x0000000000109274                FSFILE_Close
 .text.FSFILE_Flush
                0x00000000001092b0       0x24 /opt/devkitpro/libctru/lib/libctru.a(fs.o)
                0x00000000001092b0                FSFILE_Flush
 .text.FSDIR_Read
                0x00000000001092d4       0x54 /opt/devkitpro/libctru/lib/libctru.a(fs.o)
                0x00000000001092d4                FSDIR_Read
 .text.FSDIR_Close
                0x0000000000109328       0x3c /opt/devkitpro/libctru/lib/libctru.a(fs.o)
                0x0000000000109328                FSDIR_Close
 .text.rbtree_node_next
                0x0000000000109364       0x8c /opt/devkitpro/libctru/lib/libctru.a(rbtree_iterator.o)
                0x0000000000109364                rbtree_node_next
 .text.utf16_to_utf8
                0x00000000001093f0       0xe4 /opt/devkitpro/libctru/lib/libctru.a(utf16_to_utf8.o)
                0x00000000001093f0                utf16_to_utf8
 .text.decode_utf16
                0x00000000001094d4       0x60 /opt/devkitpro/libctru/lib/libctru.a(decode_utf16.o)
                0x00000000001094d4                decode_utf16
 .text.decode_utf8
                0x0000000000109534      0x138 /opt/devkitpro/libctru/lib/libctru.a(decode_utf8.o)
                0x0000000000109534                decode_utf8
 .text.utf8_to_utf16
                0x000000000010966c       0xbc /opt/devkitpro/libctru/lib/libctru.a(utf8_to_utf16.o)
                0x000000000010966c                utf8_to_utf16
 .text.__aeabi_read_tp
                0x0000000000109728        0xc /opt/devkitpro/libctru/lib/libctru.a(readtp.o)
                0x0000000000109728                __aeabi_read_tp
 .text.encode_utf16
                0x0000000000109734       0x68 /opt/devkitpro/libctru/lib/libctru.a(encode_utf16.o)
                0x0000000000109734                encode_utf16
 .text.encode_utf8
                0x000000000010979c      0x104 /opt/devkitpro/libctru/lib/libctru.a(encode_utf8.o)
                0x000000000010979c                encode_utf8
 .text.bsearch  0x00000000001098a0       0x78 /opt/devkitpro/devkitARM/lib/gcc/arm-none-eabi/5.3.0/../../../../arm-none-eabi/lib/armv6k/fpu/libg.a(lib_a-bsearch.o)
                0x00000000001098a0                bsearch
 .text.__errno  0x0000000000109918        0xc /opt/devkitpro/devkitARM/lib/gcc/arm-none-eabi/5.3.0/../../../../arm-none-eabi/lib/armv6k/fpu/libg.a(lib_a-errno.o)
                0x0000000000109918                __errno
 .text.__libc_fini_array
                0x0000000000109924       0x3c /opt/devkitpro/devkitARM/lib/gcc/arm-none-eabi/5.3.0/../../../../arm-none-eabi/lib/armv6k/fpu/libg.a(lib_a-fini.o)
                0x0000000000109924                __libc_fini_array
 .text.__libc_init_array
                0x0000000000109960       0x78 /opt/devkitpro/devkitARM/lib/gcc/arm-none-eabi/5.3.0/../../../../arm-none-eabi/lib/armv6k/fpu/libg.a(lib_a-init.o)
                0x0000000000109960                __libc_init_array
 .text.memalign
                0x00000000001099d8       0x20 /opt/devkitpro/devkitARM/lib/gcc/arm-none-eabi/5.3.0/../../../../arm-none-eabi/lib/armv6k/fpu/libg.a(lib_a-malign.o)
                0x00000000001099d8                memalign
 .text._memalign_r
                0x00000000001099f8      0x15c /opt/devkitpro/devkitARM/lib/gcc/arm-none-eabi/5.3.0/../../../../arm-none-eabi/lib/armv6k/fpu/libg.a(lib_a-malignr.o)
                0x00000000001099f8                _memalign_r
 .text.malloc   0x0000000000109b54       0x18 /opt/devkitpro/devkitARM/lib/gcc/arm-none-eabi/5.3.0/../../../../arm-none-eabi/lib/armv6k/fpu/libg.a(lib_a-malloc.o)
                0x0000000000109b54                malloc
 .text.free     0x0000000000109b6c       0x18 /opt/devkitpro/devkitARM/lib/gcc/arm-none-eabi/5.3.0/../../../../arm-none-eabi/lib/armv6k/fpu/libg.a(lib_a-malloc.o)
                0x0000000000109b6c                free
 .text._malloc_r
                0x0000000000109b84      0x7a8 /opt/devkitpro/devkitARM/lib/gcc/arm-none-eabi/5.3.0/../../../../arm-none-eabi/lib/armv6k/fpu/libg.a(lib_a-mallocr.o)
                0x0000000000109b84                _malloc_r
 .text.memcpy   0x000000000010a32c       0xf0 /opt/devkitpro/devkitARM/lib/gcc/arm-none-eabi/5.3.0/../../../../arm-none-eabi/lib/armv6k/fpu/libg.a(lib_a-memcpy.o)
                0x000000000010a32c                memcpy
 .text.memset   0x000000000010a41c       0xf4 /opt/devkitpro/devkitARM/lib/gcc/arm-none-eabi/5.3.0/../../../../arm-none-eabi/lib/armv6k/fpu/libg.a(lib_a-memset.o)
                0x000000000010a41c                memset
 .text.__malloc_lock
                0x000000000010a510        0xc /opt/devkitpro/devkitARM/lib/gcc/arm-none-eabi/5.3.0/../../../../arm-none-eabi/lib/armv6k/fpu/libg.a(lib_a-mlock.o)
                0x000000000010a510                __malloc_lock
 .text.__malloc_unlock
                0x000000000010a51c        0xc /opt/devkitpro/devkitARM/lib/gcc/arm-none-eabi/5.3.0/../../../../arm-none-eabi/lib/armv6k/fpu/libg.a(lib_a-mlock.o)
                0x000000000010a51c                __malloc_unlock
 .text.printf   0x000000000010a528       0x38 /opt/devkitpro/devkitARM/lib/gcc/arm-none-eabi/5.3.0/../../../../arm-none-eabi/lib/armv6k/fpu/libg.a(lib_a-printf.o)
                0x000000000010a528                printf
 .text._puts_r  0x000000000010a560       0xec /opt/devkitpro/devkitARM/lib/gcc/arm-none-eabi/5.3.0/../../../../arm-none-eabi/lib/armv6k/fpu/libg.a(lib_a-puts.o)
                0x000000000010a560                _puts_r
 .text.puts     0x000000000010a64c       0x18 /opt/devkitpro/devkitARM/lib/gcc/arm-none-eabi/5.3.0/../../../../arm-none-eabi/lib/armv6k/fpu/libg.a(lib_a-puts.o)
                0x000000000010a64c                puts
 .text.setvbuf  0x000000000010a664      0x1fc /opt/devkitpro/devkitARM/lib/gcc/arm-none-eabi/5.3.0/../../../../arm-none-eabi/lib/armv6k/fpu/libg.a(lib_a-setvbuf.o)
                0x000000000010a664                setvbuf
 .text.sscanf   0x000000000010a860       0x74 /opt/devkitpro/devkitARM/lib/gcc/arm-none-eabi/5.3.0/../../../../arm-none-eabi/lib/armv6k/fpu/libg.a(lib_a-sscanf.o)
                0x000000000010a860                sscanf
 .text.__sread  0x000000000010a8d4       0x30 /opt/devkitpro/devkitARM/lib/gcc/arm-none-eabi/5.3.0/../../../../arm-none-eabi/lib/armv6k/fpu/libg.a(lib_a-stdio.o)
                0x000000000010a8d4                __sread
 .text.__seofread
                0x000000000010a904        0x8 /opt/devkitpro/devkitARM/lib/gcc/arm-none-eabi/5.3.0/../../../../arm-none-eabi/lib/armv6k/fpu/libg.a(lib_a-stdio.o)
                0x000000000010a904                __seofread
 .text.__swrite
                0x000000000010a90c       0x54 /opt/devkitpro/devkitARM/lib/gcc/arm-none-eabi/5.3.0/../../../../arm-none-eabi/lib/armv6k/fpu/libg.a(lib_a-stdio.o)
                0x000000000010a90c                __swrite
 .text.__sseek  0x000000000010a960       0x2c /opt/devkitpro/devkitARM/lib/gcc/arm-none-eabi/5.3.0/../../../../arm-none-eabi/lib/armv6k/fpu/libg.a(lib_a-stdio.o)
                0x000000000010a960                __sseek
 .text.__sclose
                0x000000000010a98c        0x8 /opt/devkitpro/devkitARM/lib/gcc/arm-none-eabi/5.3.0/../../../../arm-none-eabi/lib/armv6k/fpu/libg.a(lib_a-stdio.o)
                0x000000000010a98c                __sclose
 .text.strchr   0x000000000010a994      0x15c /opt/devkitpro/devkitARM/lib/gcc/arm-none-eabi/5.3.0/../../../../arm-none-eabi/lib/armv6k/fpu/libg.a(lib_a-strchr.o)
                0x000000000010a994                strchr
 .text.strlen   0x000000000010aaf0       0x5c /opt/devkitpro/devkitARM/lib/gcc/arm-none-eabi/5.3.0/../../../../arm-none-eabi/lib/armv6k/fpu/libg.a(lib_a-strlen.o)
                0x000000000010aaf0                strlen
 .text.strncat  0x000000000010ab4c       0xa4 /opt/devkitpro/devkitARM/lib/gcc/arm-none-eabi/5.3.0/../../../../arm-none-eabi/lib/armv6k/fpu/libg.a(lib_a-strncat.o)
                0x000000000010ab4c                strncat
 .text.strncpy  0x000000000010abf0       0xe0 /opt/devkitpro/devkitARM/lib/gcc/arm-none-eabi/5.3.0/../../../../arm-none-eabi/lib/armv6k/fpu/libg.a(lib_a-strncpy.o)
                0x000000000010abf0                strncpy
 .text.__ssvfscanf_r
                0x000000000010acd0     0x2c20 /opt/devkitpro/devkitARM/lib/gcc/arm-none-eabi/5.3.0/../../../../arm-none-eabi/lib/armv6k/fpu/libg.a(lib_a-svfscanf.o)
                0x000000000010acd0                __ssvfscanf_r
 .text.__sprint_r.part.0
                0x000000000010d8f0       0xa4 /opt/devkitpro/devkitARM/lib/gcc/arm-none-eabi/5.3.0/../../../../arm-none-eabi/lib/armv6k/fpu/libg.a(lib_a-vfiprintf.o)
 .text.__sprint_r
                0x000000000010d994       0x1c /opt/devkitpro/devkitARM/lib/gcc/arm-none-eabi/5.3.0/../../../../arm-none-eabi/lib/armv6k/fpu/libg.a(lib_a-vfiprintf.o)
                0x000000000010d994                __sprint_r
 .text.get_arg  0x000000000010d9b0     0x161c /opt/devkitpro/devkitARM/lib/gcc/arm-none-eabi/5.3.0/../../../../arm-none-eabi/lib/armv6k/fpu/libg.a(lib_a-vfprintf.o)
 *fill*         0x000000000010efcc        0x4 
 .text._vfprintf_r
                0x000000000010efd0     0x4878 /opt/devkitpro/devkitARM/lib/gcc/arm-none-eabi/5.3.0/../../../../arm-none-eabi/lib/armv6k/fpu/libg.a(lib_a-vfprintf.o)
                0x000000000010efd0                _vfprintf_r
 .text.__sbprintf
                0x0000000000113848       0xcc /opt/devkitpro/devkitARM/lib/gcc/arm-none-eabi/5.3.0/../../../../arm-none-eabi/lib/armv6k/fpu/libg.a(lib_a-vfprintf.o)
 .text._wcrtomb_r
                0x0000000000113914       0x8c /opt/devkitpro/devkitARM/lib/gcc/arm-none-eabi/5.3.0/../../../../arm-none-eabi/lib/armv6k/fpu/libg.a(lib_a-wcrtomb.o)
                0x0000000000113914                _wcrtomb_r
 .text._wcsrtombs_r
                0x00000000001139a0       0x20 /opt/devkitpro/devkitARM/lib/gcc/arm-none-eabi/5.3.0/../../../../arm-none-eabi/lib/armv6k/fpu/libg.a(lib_a-wcsrtombs.o)
                0x00000000001139a0                _wcsrtombs_r
 .text.__utf8_wctomb
                0x00000000001139c0      0x114 /opt/devkitpro/devkitARM/lib/gcc/arm-none-eabi/5.3.0/../../../../arm-none-eabi/lib/armv6k/fpu/libg.a(lib_a-wctomb_r.o)
                0x00000000001139c0                __utf8_wctomb
 .text.__swsetup_r
                0x0000000000113ad4      0x148 /opt/devkitpro/devkitARM/lib/gcc/arm-none-eabi/5.3.0/../../../../arm-none-eabi/lib/armv6k/fpu/libg.a(lib_a-wsetup.o)
                0x0000000000113ad4                __swsetup_r
 .text.quorem   0x0000000000113c1c      0x1bc /opt/devkitpro/devkitARM/lib/gcc/arm-none-eabi/5.3.0/../../../../arm-none-eabi/lib/armv6k/fpu/libg.a(lib_a-dtoa.o)
 .text._dtoa_r  0x0000000000113dd8     0x12c8 /opt/devkitpro/devkitARM/lib/gcc/arm-none-eabi/5.3.0/../../../../arm-none-eabi/lib/armv6k/fpu/libg.a(lib_a-dtoa.o)
                0x0000000000113dd8                _dtoa_r
 .text.__sflush_r
                0x00000000001150a0      0x230 /opt/devkitpro/devkitARM/lib/gcc/arm-none-eabi/5.3.0/../../../../arm-none-eabi/lib/armv6k/fpu/libg.a(lib_a-fflush.o)
                0x00000000001150a0                __sflush_r
 .text._fflush_r
                0x00000000001152d0       0x90 /opt/devkitpro/devkitARM/lib/gcc/arm-none-eabi/5.3.0/../../../../arm-none-eabi/lib/armv6k/fpu/libg.a(lib_a-fflush.o)
                0x00000000001152d0                _fflush_r
 .text._cleanup_r
                0x0000000000115360        0xc /opt/devkitpro/devkitARM/lib/gcc/arm-none-eabi/5.3.0/../../../../arm-none-eabi/lib/armv6k/fpu/libg.a(lib_a-findfp.o)
                0x0000000000115360                _cleanup_r
 .text.std.isra.0
                0x000000000011536c       0x80 /opt/devkitpro/devkitARM/lib/gcc/arm-none-eabi/5.3.0/../../../../arm-none-eabi/lib/armv6k/fpu/libg.a(lib_a-findfp.o)
 .text.__sinit  0x00000000001153ec       0x8c /opt/devkitpro/devkitARM/lib/gcc/arm-none-eabi/5.3.0/../../../../arm-none-eabi/lib/armv6k/fpu/libg.a(lib_a-findfp.o)
                0x00000000001153ec                __sinit
 .text.__sfp_lock_acquire
                0x0000000000115478        0xc /opt/devkitpro/devkitARM/lib/gcc/arm-none-eabi/5.3.0/../../../../arm-none-eabi/lib/armv6k/fpu/libg.a(lib_a-findfp.o)
                0x0000000000115478                __sfp_lock_acquire
 .text.__sfp_lock_release
                0x0000000000115484        0xc /opt/devkitpro/devkitARM/lib/gcc/arm-none-eabi/5.3.0/../../../../arm-none-eabi/lib/armv6k/fpu/libg.a(lib_a-findfp.o)
                0x0000000000115484                __sfp_lock_release
 .text.__fputwc
                0x0000000000115490      0x124 /opt/devkitpro/devkitARM/lib/gcc/arm-none-eabi/5.3.0/../../../../arm-none-eabi/lib/armv6k/fpu/libg.a(lib_a-fputwc.o)
                0x0000000000115490                __fputwc
 .text._fputwc_r
                0x00000000001155b4       0xa8 /opt/devkitpro/devkitARM/lib/gcc/arm-none-eabi/5.3.0/../../../../arm-none-eabi/lib/armv6k/fpu/libg.a(lib_a-fputwc.o)
                0x00000000001155b4                _fputwc_r
 .text._malloc_trim_r
                0x000000000011565c       0xf8 /opt/devkitpro/devkitARM/lib/gcc/arm-none-eabi/5.3.0/../../../../arm-none-eabi/lib/armv6k/fpu/libg.a(lib_a-freer.o)
                0x000000000011565c                _malloc_trim_r
 .text._free_r  0x0000000000115754      0x2e4 /opt/devkitpro/devkitARM/lib/gcc/arm-none-eabi/5.3.0/../../../../arm-none-eabi/lib/armv6k/fpu/libg.a(lib_a-freer.o)
                0x0000000000115754                _free_r
 .text.__sfvwrite_r
                0x0000000000115a38      0x4a4 /opt/devkitpro/devkitARM/lib/gcc/arm-none-eabi/5.3.0/../../../../arm-none-eabi/lib/armv6k/fpu/libg.a(lib_a-fvwrite.o)
                0x0000000000115a38                __sfvwrite_r
 .text._fwalk_reent
                0x0000000000115edc       0x80 /opt/devkitpro/devkitARM/lib/gcc/arm-none-eabi/5.3.0/../../../../arm-none-eabi/lib/armv6k/fpu/libg.a(lib_a-fwalk.o)
                0x0000000000115edc                _fwalk_reent
 .text.iswspace
                0x0000000000115f5c       0x74 /opt/devkitpro/devkitARM/lib/gcc/arm-none-eabi/5.3.0/../../../../arm-none-eabi/lib/armv6k/fpu/libg.a(lib_a-iswspace.o)
                0x0000000000115f5c                iswspace
 .text.__jp2uc  0x0000000000115fd0      0x204 /opt/devkitpro/devkitARM/lib/gcc/arm-none-eabi/5.3.0/../../../../arm-none-eabi/lib/armv6k/fpu/libg.a(lib_a-jp2uc.o)
 .text._jp2uc   0x00000000001161d4       0x84 /opt/devkitpro/devkitARM/lib/gcc/arm-none-eabi/5.3.0/../../../../arm-none-eabi/lib/armv6k/fpu/libg.a(lib_a-jp2uc.o)
                0x00000000001161d4                _jp2uc
 .text.__locale_charset
                0x0000000000116258        0xc /opt/devkitpro/devkitARM/lib/gcc/arm-none-eabi/5.3.0/../../../../arm-none-eabi/lib/armv6k/fpu/libg.a(lib_a-locale.o)
                0x0000000000116258                __locale_charset
 .text.__locale_mb_cur_max
                0x0000000000116264       0x10 /opt/devkitpro/devkitARM/lib/gcc/arm-none-eabi/5.3.0/../../../../arm-none-eabi/lib/armv6k/fpu/libg.a(lib_a-locale.o)
                0x0000000000116264                __locale_mb_cur_max
 .text._localeconv_r
                0x0000000000116274        0xc /opt/devkitpro/devkitARM/lib/gcc/arm-none-eabi/5.3.0/../../../../arm-none-eabi/lib/armv6k/fpu/libg.a(lib_a-locale.o)
                0x0000000000116274                _localeconv_r
 .text.__smakebuf_r
                0x0000000000116280      0x160 /opt/devkitpro/devkitARM/lib/gcc/arm-none-eabi/5.3.0/../../../../arm-none-eabi/lib/armv6k/fpu/libg.a(lib_a-makebuf.o)
                0x0000000000116280                __smakebuf_r
 .text._mbrtowc_r
                0x00000000001163e0       0x98 /opt/devkitpro/devkitARM/lib/gcc/arm-none-eabi/5.3.0/../../../../arm-none-eabi/lib/armv6k/fpu/libg.a(lib_a-mbrtowc.o)
                0x00000000001163e0                _mbrtowc_r
 .text.__utf8_mbtowc
                0x0000000000116478      0x2fc /opt/devkitpro/devkitARM/lib/gcc/arm-none-eabi/5.3.0/../../../../arm-none-eabi/lib/armv6k/fpu/libg.a(lib_a-mbtowc_r.o)
                0x0000000000116478                __utf8_mbtowc
 .text.memchr   0x0000000000116774      0x100 /opt/devkitpro/devkitARM/lib/gcc/arm-none-eabi/5.3.0/../../../../arm-none-eabi/lib/armv6k/fpu/libg.a(lib_a-memchr.o)
                0x0000000000116774                memchr
 .text.memmove  0x0000000000116874      0x128 /opt/devkitpro/devkitARM/lib/gcc/arm-none-eabi/5.3.0/../../../../arm-none-eabi/lib/armv6k/fpu/libg.a(lib_a-memmove.o)
                0x0000000000116874                memmove
 .text._Balloc  0x000000000011699c       0x8c /opt/devkitpro/devkitARM/lib/gcc/arm-none-eabi/5.3.0/../../../../arm-none-eabi/lib/armv6k/fpu/libg.a(lib_a-mprec.o)
                0x000000000011699c                _Balloc
 .text._Bfree   0x0000000000116a28       0x1c /opt/devkitpro/devkitARM/lib/gcc/arm-none-eabi/5.3.0/../../../../arm-none-eabi/lib/armv6k/fpu/libg.a(lib_a-mprec.o)
                0x0000000000116a28                _Bfree
 .text.__multadd
                0x0000000000116a44       0xd0 /opt/devkitpro/devkitARM/lib/gcc/arm-none-eabi/5.3.0/../../../../arm-none-eabi/lib/armv6k/fpu/libg.a(lib_a-mprec.o)
                0x0000000000116a44                __multadd
 .text.__s2b    0x0000000000116b14       0xe4 /opt/devkitpro/devkitARM/lib/gcc/arm-none-eabi/5.3.0/../../../../arm-none-eabi/lib/armv6k/fpu/libg.a(lib_a-mprec.o)
                0x0000000000116b14                __s2b
 .text.__hi0bits
                0x0000000000116bf8       0x5c /opt/devkitpro/devkitARM/lib/gcc/arm-none-eabi/5.3.0/../../../../arm-none-eabi/lib/armv6k/fpu/libg.a(lib_a-mprec.o)
                0x0000000000116bf8                __hi0bits
 .text.__lo0bits
                0x0000000000116c54       0x98 /opt/devkitpro/devkitARM/lib/gcc/arm-none-eabi/5.3.0/../../../../arm-none-eabi/lib/armv6k/fpu/libg.a(lib_a-mprec.o)
                0x0000000000116c54                __lo0bits
 .text.__i2b    0x0000000000116cec       0x20 /opt/devkitpro/devkitARM/lib/gcc/arm-none-eabi/5.3.0/../../../../arm-none-eabi/lib/armv6k/fpu/libg.a(lib_a-mprec.o)
                0x0000000000116cec                __i2b
 .text.__multiply
                0x0000000000116d0c      0x1dc /opt/devkitpro/devkitARM/lib/gcc/arm-none-eabi/5.3.0/../../../../arm-none-eabi/lib/armv6k/fpu/libg.a(lib_a-mprec.o)
                0x0000000000116d0c                __multiply
 .text.__pow5mult
                0x0000000000116ee8      0x100 /opt/devkitpro/devkitARM/lib/gcc/arm-none-eabi/5.3.0/../../../../arm-none-eabi/lib/armv6k/fpu/libg.a(lib_a-mprec.o)
                0x0000000000116ee8                __pow5mult
 .text.__lshift
                0x0000000000116fe8       0xf0 /opt/devkitpro/devkitARM/lib/gcc/arm-none-eabi/5.3.0/../../../../arm-none-eabi/lib/armv6k/fpu/libg.a(lib_a-mprec.o)
                0x0000000000116fe8                __lshift
 .text.__mcmp   0x00000000001170d8       0x64 /opt/devkitpro/devkitARM/lib/gcc/arm-none-eabi/5.3.0/../../../../arm-none-eabi/lib/armv6k/fpu/libg.a(lib_a-mprec.o)
                0x00000000001170d8                __mcmp
 .text.__mdiff  0x000000000011713c      0x198 /opt/devkitpro/devkitARM/lib/gcc/arm-none-eabi/5.3.0/../../../../arm-none-eabi/lib/armv6k/fpu/libg.a(lib_a-mprec.o)
                0x000000000011713c                __mdiff
 .text.__ulp    0x00000000001172d4       0x78 /opt/devkitpro/devkitARM/lib/gcc/arm-none-eabi/5.3.0/../../../../arm-none-eabi/lib/armv6k/fpu/libg.a(lib_a-mprec.o)
                0x00000000001172d4                __ulp
 .text.__b2d    0x000000000011734c       0xd4 /opt/devkitpro/devkitARM/lib/gcc/arm-none-eabi/5.3.0/../../../../arm-none-eabi/lib/armv6k/fpu/libg.a(lib_a-mprec.o)
                0x000000000011734c                __b2d
 .text.__d2b    0x0000000000117420      0x104 /opt/devkitpro/devkitARM/lib/gcc/arm-none-eabi/5.3.0/../../../../arm-none-eabi/lib/armv6k/fpu/libg.a(lib_a-mprec.o)
                0x0000000000117420                __d2b
 .text.__ratio  0x0000000000117524       0x78 /opt/devkitpro/devkitARM/lib/gcc/arm-none-eabi/5.3.0/../../../../arm-none-eabi/lib/armv6k/fpu/libg.a(lib_a-mprec.o)
                0x0000000000117524                __ratio
 .text.__copybits
                0x000000000011759c       0x6c /opt/devkitpro/devkitARM/lib/gcc/arm-none-eabi/5.3.0/../../../../arm-none-eabi/lib/armv6k/fpu/libg.a(lib_a-mprec.o)
                0x000000000011759c                __copybits
 .text.__any_on
                0x0000000000117608       0x80 /opt/devkitpro/devkitARM/lib/gcc/arm-none-eabi/5.3.0/../../../../arm-none-eabi/lib/armv6k/fpu/libg.a(lib_a-mprec.o)
                0x0000000000117608                __any_on
 .text._realloc_r
                0x0000000000117688      0x4c0 /opt/devkitpro/devkitARM/lib/gcc/arm-none-eabi/5.3.0/../../../../arm-none-eabi/lib/armv6k/fpu/libg.a(lib_a-reallocr.o)
                0x0000000000117688                _realloc_r
 .text.__sccl   0x0000000000117b48       0xd0 /opt/devkitpro/devkitARM/lib/gcc/arm-none-eabi/5.3.0/../../../../arm-none-eabi/lib/armv6k/fpu/libg.a(lib_a-sccl.o)
                0x0000000000117b48                __sccl
 .text.nanf     0x0000000000117c18        0xc /opt/devkitpro/devkitARM/lib/gcc/arm-none-eabi/5.3.0/../../../../arm-none-eabi/lib/armv6k/fpu/libg.a(lib_a-sf_nan.o)
                0x0000000000117c18                nanf
 .text.__fpclassifyd
                0x0000000000117c24       0x74 /opt/devkitpro/devkitARM/lib/gcc/arm-none-eabi/5.3.0/../../../../arm-none-eabi/lib/armv6k/fpu/libg.a(lib_a-s_fpclassify.o)
                0x0000000000117c24                __fpclassifyd
 .text.frexp    0x0000000000117c98       0x98 /opt/devkitpro/devkitARM/lib/gcc/arm-none-eabi/5.3.0/../../../../arm-none-eabi/lib/armv6k/fpu/libg.a(lib_a-s_frexp.o)
                0x0000000000117c98                frexp
 .text.sprintf  0x0000000000117d30       0x68 /opt/devkitpro/devkitARM/lib/gcc/arm-none-eabi/5.3.0/../../../../arm-none-eabi/lib/armv6k/fpu/libg.a(lib_a-sprintf.o)
                0x0000000000117d30                sprintf
 .text.stpncpy  0x0000000000117d98      0x108 /opt/devkitpro/devkitARM/lib/gcc/arm-none-eabi/5.3.0/../../../../arm-none-eabi/lib/armv6k/fpu/libg.a(lib_a-stpncpy.o)
                0x0000000000117d98                stpncpy
 .text.strncmp  0x0000000000117ea0      0x11c /opt/devkitpro/devkitARM/lib/gcc/arm-none-eabi/5.3.0/../../../../arm-none-eabi/lib/armv6k/fpu/libg.a(lib_a-strncmp.o)
                0x0000000000117ea0                strncmp
 .text.unlikely.sulp
                0x0000000000117fbc       0x58 /opt/devkitpro/devkitARM/lib/gcc/arm-none-eabi/5.3.0/../../../../arm-none-eabi/lib/armv6k/fpu/libg.a(lib_a-strtod.o)
 *fill*         0x0000000000118014        0x4 
 .text._strtod_r
                0x0000000000118018     0x1450 /opt/devkitpro/devkitARM/lib/gcc/arm-none-eabi/5.3.0/../../../../arm-none-eabi/lib/armv6k/fpu/libg.a(lib_a-strtod.o)
                0x0000000000118018                _strtod_r
 .text._strtoll_r
                0x0000000000119468      0x25c /opt/devkitpro/devkitARM/lib/gcc/arm-none-eabi/5.3.0/../../../../arm-none-eabi/lib/armv6k/fpu/libg.a(lib_a-strtoll_r.o)
                0x0000000000119468                _strtoll_r
 .text._strtol_r
                0x00000000001196c4      0x1d4 /opt/devkitpro/devkitARM/lib/gcc/arm-none-eabi/5.3.0/../../../../arm-none-eabi/lib/armv6k/fpu/libg.a(lib_a-strtol.o)
                0x00000000001196c4                _strtol_r
 .text._strtoull_r
                0x0000000000119898      0x268 /opt/devkitpro/devkitARM/lib/gcc/arm-none-eabi/5.3.0/../../../../arm-none-eabi/lib/armv6k/fpu/libg.a(lib_a-strtoull_r.o)
                0x0000000000119898                _strtoull_r
 .text._strtoul_r
                0x0000000000119b00      0x1d4 /opt/devkitpro/devkitARM/lib/gcc/arm-none-eabi/5.3.0/../../../../arm-none-eabi/lib/armv6k/fpu/libg.a(lib_a-strtoul.o)
                0x0000000000119b00                _strtoul_r
 .text.__ssprint_r
                0x0000000000119cd4      0x1a8 /opt/devkitpro/devkitARM/lib/gcc/arm-none-eabi/5.3.0/../../../../arm-none-eabi/lib/armv6k/fpu/libg.a(lib_a-svfiprintf.o)
                0x0000000000119cd4                __ssprint_r
 .text._sungetc_r
                0x0000000000119e7c       0xf8 /opt/devkitpro/devkitARM/lib/gcc/arm-none-eabi/5.3.0/../../../../arm-none-eabi/lib/armv6k/fpu/libg.a(lib_a-svfiscanf.o)
                0x0000000000119e7c                _sungetc_r
 .text.__ssrefill_r
                0x0000000000119f74       0x6c /opt/devkitpro/devkitARM/lib/gcc/arm-none-eabi/5.3.0/../../../../arm-none-eabi/lib/armv6k/fpu/libg.a(lib_a-svfiscanf.o)
                0x0000000000119f74                __ssrefill_r
 .text._sfread_r
                0x0000000000119fe0       0xc8 /opt/devkitpro/devkitARM/lib/gcc/arm-none-eabi/5.3.0/../../../../arm-none-eabi/lib/armv6k/fpu/libg.a(lib_a-svfiscanf.o)
                0x0000000000119fe0                _sfread_r
 .text.get_arg  0x000000000011a0a8     0x161c /opt/devkitpro/devkitARM/lib/gcc/arm-none-eabi/5.3.0/../../../../arm-none-eabi/lib/armv6k/fpu/libg.a(lib_a-svfprintf.o)
 *fill*         0x000000000011b6c4        0x4 
 .text._svfprintf_r
                0x000000000011b6c8     0x4a00 /opt/devkitpro/devkitARM/lib/gcc/arm-none-eabi/5.3.0/../../../../arm-none-eabi/lib/armv6k/fpu/libg.a(lib_a-svfprintf.o)
                0x000000000011b6c8                _svfprintf_r
 .text.__submore
                0x00000000001200c8       0xa8 /opt/devkitpro/devkitARM/lib/gcc/arm-none-eabi/5.3.0/../../../../arm-none-eabi/lib/armv6k/fpu/libg.a(lib_a-ungetc.o)
                0x00000000001200c8                __submore
 .text.__swbuf_r
                0x0000000000120170      0x124 /opt/devkitpro/devkitARM/lib/gcc/arm-none-eabi/5.3.0/../../../../arm-none-eabi/lib/armv6k/fpu/libg.a(lib_a-wbuf.o)
                0x0000000000120170                __swbuf_r
 .text._wcsnrtombs_r
                0x0000000000120294      0x190 /opt/devkitpro/devkitARM/lib/gcc/arm-none-eabi/5.3.0/../../../../arm-none-eabi/lib/armv6k/fpu/libg.a(lib_a-wcsnrtombs.o)
                0x0000000000120294                _wcsnrtombs_r
 .text._calloc_r
                0x0000000000120424       0x90 /opt/devkitpro/devkitARM/lib/gcc/arm-none-eabi/5.3.0/../../../../arm-none-eabi/lib/armv6k/fpu/libg.a(lib_a-callocr.o)
                0x0000000000120424                _calloc_r
 .text._fclose_r
                0x00000000001204b4      0x120 /opt/devkitpro/devkitARM/lib/gcc/arm-none-eabi/5.3.0/../../../../arm-none-eabi/lib/armv6k/fpu/libg.a(lib_a-fclose.o)
                0x00000000001204b4                _fclose_r
 .text.rshift   0x00000000001205d4       0xec /opt/devkitpro/devkitARM/lib/gcc/arm-none-eabi/5.3.0/../../../../arm-none-eabi/lib/armv6k/fpu/libg.a(lib_a-gdtoa-gethex.o)
 .text.__gethex
                0x00000000001206c0      0x7d0 /opt/devkitpro/devkitARM/lib/gcc/arm-none-eabi/5.3.0/../../../../arm-none-eabi/lib/armv6k/fpu/libg.a(lib_a-gdtoa-gethex.o)
                0x00000000001206c0                __gethex
 .text.__hexnan
                0x0000000000120e90      0x258 /opt/devkitpro/devkitARM/lib/gcc/arm-none-eabi/5.3.0/../../../../arm-none-eabi/lib/armv6k/fpu/libg.a(lib_a-gdtoa-hexnan.o)
                0x0000000000120e90                __hexnan
 .text.strnlen  0x00000000001210e8       0x5c /opt/devkitpro/devkitARM/lib/gcc/arm-none-eabi/5.3.0/../../../../arm-none-eabi/lib/armv6k/fpu/libg.a(lib_a-strnlen.o)
                0x00000000001210e8                strnlen
 .text.strrchr  0x0000000000121144       0x44 /opt/devkitpro/devkitARM/lib/gcc/arm-none-eabi/5.3.0/../../../../arm-none-eabi/lib/armv6k/fpu/libg.a(lib_a-strrchr.o)
                0x0000000000121144                strrchr
 *(.glue_7)
 .glue_7        0x0000000000121188        0x0 linker stubs
 *(.glue_7t)
 .glue_7t       0x0000000000121188        0x0 linker stubs
 *(.stub)
 *(.gnu.warning)
 *(.gnu.linkonce.t*)
                0x0000000000121188                . = ALIGN (0x4)
 *(.fini)
 .fini          0x0000000000121188        0xc /opt/devkitpro/devkitARM/lib/gcc/arm-none-eabi/5.3.0/armv6k/fpu/crti.o
                0x0000000000121188                _fini
 .fini          0x0000000000121194        0xc /opt/devkitpro/devkitARM/lib/gcc/arm-none-eabi/5.3.0/armv6k/fpu/crtn.o
                0x00000000001211a0                . = ALIGN (0x4)

.vfp11_veneer   0x00000000001211a0        0x0
 .vfp11_veneer  0x00000000001211a0        0x0 linker stubs

.v4_bx          0x00000000001211a0        0x0
 .v4_bx         0x00000000001211a0        0x0 linker stubs

.iplt           0x00000000001211a0        0x0
 .iplt          0x00000000001211a0        0x0 /opt/devkitpro/devkitARM/lib/gcc/arm-none-eabi/5.3.0/../../../../arm-none-eabi/lib/armv6k/fpu/3dsx_crt0.o

.rodata         0x0000000000122000     0x47f0
 *(.rodata)
 .rodata        0x0000000000122000      0x168 /opt/devkitpro/libctru/lib/libctru.a(console.o)
 .rodata        0x0000000000122168       0x1c /opt/devkitpro/libctru/lib/libctru.a(gfx.o)
 .rodata        0x0000000000122184        0xc /opt/devkitpro/libctru/lib/libctru.a(apt.o)
 .rodata        0x0000000000122190      0x804 /opt/devkitpro/libctru/lib/libctru.a(default_font.bin.o)
                0x0000000000122190                default_font_bin
                0x0000000000122990                default_font_bin_end
                0x0000000000122990                default_font_bin_size
 .rodata        0x0000000000122994       0x30 /opt/devkitpro/libctru/lib/libctru.a(sdmc_dev.o)
 .rodata        0x00000000001229c4       0x68 /opt/devkitpro/devkitARM/lib/gcc/arm-none-eabi/5.3.0/../../../../arm-none-eabi/lib/armv6k/fpu/libsysbase.a(iosupport.o)
                0x00000000001229c4                dotab_stdnull
 .rodata        0x0000000000122a2c        0xc /opt/devkitpro/devkitARM/lib/gcc/arm-none-eabi/5.3.0/../../../../arm-none-eabi/lib/armv6k/fpu/libsysbase.a(chdir.o)
                0x0000000000122a2c                DIRECTORY_PARENT
                0x0000000000122a30                DIRECTORY_THIS
                0x0000000000122a34                DIRECTORY_SEPARATOR
 *(.roda)
 *(.rodata.*)
 .rodata.str1.4
                0x0000000000122a38       0xc9 main.o
                                         0xcc (size before relaxing)
 *fill*         0x0000000000122b01        0x3 
 .rodata.str1.4
                0x0000000000122b04       0x70 /opt/devkitpro/libctru/lib/libctru.a(console.o)
 .rodata.str1.4
                0x0000000000122b74        0x5 /opt/devkitpro/libctru/lib/libctru.a(srv.o)
                                          0x8 (size before relaxing)
 *fill*         0x0000000000122b79        0x3 
 .rodata.str1.4
                0x0000000000122b7c        0x2 /opt/devkitpro/libctru/lib/libctru.a(thread.o)
                                          0x4 (size before relaxing)
 *fill*         0x0000000000122b7e        0x2 
 .rodata.str1.4
                0x0000000000122b80        0x9 /opt/devkitpro/libctru/lib/libctru.a(gspgpu.o)
                                          0xc (size before relaxing)
 *fill*         0x0000000000122b89        0x3 
 .rodata.str1.4
                0x0000000000122b8c       0x15 /opt/devkitpro/libctru/lib/libctru.a(hid.o)
                                         0x18 (size before relaxing)
 *fill*         0x0000000000122ba1        0x3 
 .rodata.str1.4
                0x0000000000122ba4        0x5 /opt/devkitpro/libctru/lib/libctru.a(ns.o)
                                          0x8 (size before relaxing)
 *fill*         0x0000000000122ba9        0x3 
 .rodata.str1.4
                0x0000000000122bac       0x16 /opt/devkitpro/libctru/lib/libctru.a(apt.o)
                                         0x18 (size before relaxing)
 *fill*         0x0000000000122bc2        0x2 
 .rodata.str1.4
                0x0000000000122bc4        0x9 /opt/devkitpro/libctru/lib/libctru.a(ptmsysm.o)
                                          0xc (size before relaxing)
 *fill*         0x0000000000122bcd        0x3 
 .rodata.str1.4
                0x0000000000122bd0        0x7 /opt/devkitpro/libctru/lib/libctru.a(irrst.o)
                                          0x8 (size before relaxing)
 *fill*         0x0000000000122bd7        0x1 
 .rodata.str1.4
                0x0000000000122bd8        0xd /opt/devkitpro/libctru/lib/libctru.a(sdmc_dev.o)
                                         0x14 (size before relaxing)
 *fill*         0x0000000000122be5        0x3 
 .rodata.str1.4
                0x0000000000122be8        0x8 /opt/devkitpro/libctru/lib/libctru.a(fs.o)
                                          0xc (size before relaxing)
 .rodata.str1.4
                0x0000000000122bf0        0x4 /opt/devkitpro/devkitARM/lib/gcc/arm-none-eabi/5.3.0/../../../../arm-none-eabi/lib/armv6k/fpu/libg.a(lib_a-impure.o)
 .rodata.str1.4
                0x0000000000122bf0        0x8 /opt/devkitpro/devkitARM/lib/gcc/arm-none-eabi/5.3.0/../../../../arm-none-eabi/lib/armv6k/fpu/libg.a(lib_a-puts.o)
                                          0x4 (size before relaxing)
 .rodata.basefix.7044
                0x0000000000122bf0       0x24 /opt/devkitpro/devkitARM/lib/gcc/arm-none-eabi/5.3.0/../../../../arm-none-eabi/lib/armv6k/fpu/libg.a(lib_a-svfscanf.o)
 .rodata.str1.4
                0x0000000000122c14        0x5 /opt/devkitpro/devkitARM/lib/gcc/arm-none-eabi/5.3.0/../../../../arm-none-eabi/lib/armv6k/fpu/libg.a(lib_a-svfscanf.o)
                                          0x8 (size before relaxing)
 *fill*         0x0000000000122c19        0x3 
 .rodata.zeroes.7138
                0x0000000000122c1c       0x10 /opt/devkitpro/devkitARM/lib/gcc/arm-none-eabi/5.3.0/../../../../arm-none-eabi/lib/armv6k/fpu/libg.a(lib_a-vfprintf.o)
 .rodata.str1.4
                0x0000000000122c2c       0x42 /opt/devkitpro/devkitARM/lib/gcc/arm-none-eabi/5.3.0/../../../../arm-none-eabi/lib/armv6k/fpu/libg.a(lib_a-vfprintf.o)
                                         0x44 (size before relaxing)
 *fill*         0x0000000000122c6e        0x2 
 .rodata.blanks.7137
                0x0000000000122c70       0x10 /opt/devkitpro/devkitARM/lib/gcc/arm-none-eabi/5.3.0/../../../../arm-none-eabi/lib/armv6k/fpu/libg.a(lib_a-vfprintf.o)
 .rodata._ctype_
                0x0000000000122c80      0x104 /opt/devkitpro/devkitARM/lib/gcc/arm-none-eabi/5.3.0/../../../../arm-none-eabi/lib/armv6k/fpu/libg.a(lib_a-ctype_.o)
                0x0000000000122c80                _ctype_
 .rodata.str1.4
                0x0000000000122d84       0x10 /opt/devkitpro/devkitARM/lib/gcc/arm-none-eabi/5.3.0/../../../../arm-none-eabi/lib/armv6k/fpu/libg.a(lib_a-dtoa.o)
                                         0x14 (size before relaxing)
 .rodata.a1     0x0000000000122d94       0xbc /opt/devkitpro/devkitARM/lib/gcc/arm-none-eabi/5.3.0/../../../../arm-none-eabi/lib/armv6k/fpu/libg.a(lib_a-jp2uc.o)
 .rodata.a2     0x0000000000122e50       0xbc /opt/devkitpro/devkitARM/lib/gcc/arm-none-eabi/5.3.0/../../../../arm-none-eabi/lib/armv6k/fpu/libg.a(lib_a-jp2uc.o)
 .rodata.a3     0x0000000000122f0c       0x5c /opt/devkitpro/devkitARM/lib/gcc/arm-none-eabi/5.3.0/../../../../arm-none-eabi/lib/armv6k/fpu/libg.a(lib_a-jp2uc.o)
 .rodata.a6     0x0000000000122f68       0x70 /opt/devkitpro/devkitARM/lib/gcc/arm-none-eabi/5.3.0/../../../../arm-none-eabi/lib/armv6k/fpu/libg.a(lib_a-jp2uc.o)
 .rodata.a7     0x0000000000122fd8       0xa4 /opt/devkitpro/devkitARM/lib/gcc/arm-none-eabi/5.3.0/../../../../arm-none-eabi/lib/armv6k/fpu/libg.a(lib_a-jp2uc.o)
 .rodata.a8     0x000000000012307c       0x40 /opt/devkitpro/devkitARM/lib/gcc/arm-none-eabi/5.3.0/../../../../arm-none-eabi/lib/armv6k/fpu/libg.a(lib_a-jp2uc.o)
 .rodata.str1.4
                0x00000000001230bc       0x12 /opt/devkitpro/devkitARM/lib/gcc/arm-none-eabi/5.3.0/../../../../arm-none-eabi/lib/armv6k/fpu/libg.a(lib_a-jp2uc.o)
                                         0x14 (size before relaxing)
 *fill*         0x00000000001230ce        0x2 
 .rodata.b02cf  0x00000000001230d0     0x172c /opt/devkitpro/devkitARM/lib/gcc/arm-none-eabi/5.3.0/../../../../arm-none-eabi/lib/armv6k/fpu/libg.a(lib_a-jp2uc.o)
 .rodata.d02f4  0x00000000001247fc     0x1a7c /opt/devkitpro/devkitARM/lib/gcc/arm-none-eabi/5.3.0/../../../../arm-none-eabi/lib/armv6k/fpu/libg.a(lib_a-jp2uc.o)
 .rodata.str1.4
                0x0000000000126278      0x112 /opt/devkitpro/devkitARM/lib/gcc/arm-none-eabi/5.3.0/../../../../arm-none-eabi/lib/armv6k/fpu/libg.a(lib_a-locale.o)
                                        0x130 (size before relaxing)
 .rodata.str1.4
                0x000000000012638a        0x4 /opt/devkitpro/devkitARM/lib/gcc/arm-none-eabi/5.3.0/../../../../arm-none-eabi/lib/armv6k/fpu/libg.a(lib_a-mbrtowc.o)
 *fill*         0x000000000012638a        0x6 
 .rodata.__mprec_tens
                0x0000000000126390       0xc8 /opt/devkitpro/devkitARM/lib/gcc/arm-none-eabi/5.3.0/../../../../arm-none-eabi/lib/armv6k/fpu/libg.a(lib_a-mprec.o)
                0x0000000000126390                __mprec_tens
 .rodata.p05.5412
                0x0000000000126458        0xc /opt/devkitpro/devkitARM/lib/gcc/arm-none-eabi/5.3.0/../../../../arm-none-eabi/lib/armv6k/fpu/libg.a(lib_a-mprec.o)
 *fill*         0x0000000000126464        0x4 
 .rodata.__mprec_bigtens
                0x0000000000126468       0x28 /opt/devkitpro/devkitARM/lib/gcc/arm-none-eabi/5.3.0/../../../../arm-none-eabi/lib/armv6k/fpu/libg.a(lib_a-mprec.o)
                0x0000000000126468                __mprec_bigtens
 .rodata.fpinan.5417
                0x0000000000126490       0x14 /opt/devkitpro/devkitARM/lib/gcc/arm-none-eabi/5.3.0/../../../../arm-none-eabi/lib/armv6k/fpu/libg.a(lib_a-strtod.o)
 .rodata.str1.4
                0x00000000001264a4        0xf /opt/devkitpro/devkitARM/lib/gcc/arm-none-eabi/5.3.0/../../../../arm-none-eabi/lib/armv6k/fpu/libg.a(lib_a-strtod.o)
                                         0x10 (size before relaxing)
 *fill*         0x00000000001264b3        0x1 
 .rodata.fpi.5381
                0x00000000001264b4       0x14 /opt/devkitpro/devkitARM/lib/gcc/arm-none-eabi/5.3.0/../../../../arm-none-eabi/lib/armv6k/fpu/libg.a(lib_a-strtod.o)
 .rodata.tinytens
                0x00000000001264c8       0x28 /opt/devkitpro/devkitARM/lib/gcc/arm-none-eabi/5.3.0/../../../../arm-none-eabi/lib/armv6k/fpu/libg.a(lib_a-strtod.o)
 .rodata.__state_table
                0x00000000001264f0       0x6c /opt/devkitpro/devkitARM/lib/gcc/arm-none-eabi/5.3.0/../../../../arm-none-eabi/lib/armv6k/fpu/libg.a(lib_a-svfiprintf.o)
                0x00000000001264f0                __state_table
 .rodata.__chclass
                0x000000000012655c      0x100 /opt/devkitpro/devkitARM/lib/gcc/arm-none-eabi/5.3.0/../../../../arm-none-eabi/lib/armv6k/fpu/libg.a(lib_a-svfiprintf.o)
                0x000000000012655c                __chclass
 .rodata.__action_table
                0x000000000012665c       0x6c /opt/devkitpro/devkitARM/lib/gcc/arm-none-eabi/5.3.0/../../../../arm-none-eabi/lib/armv6k/fpu/libg.a(lib_a-svfiprintf.o)
                0x000000000012665c                __action_table
 .rodata.blanks.7122
                0x00000000001266c8       0x10 /opt/devkitpro/devkitARM/lib/gcc/arm-none-eabi/5.3.0/../../../../arm-none-eabi/lib/armv6k/fpu/libg.a(lib_a-svfprintf.o)
 .rodata.str1.4
                0x00000000001266d8       0x44 /opt/devkitpro/devkitARM/lib/gcc/arm-none-eabi/5.3.0/../../../../arm-none-eabi/lib/armv6k/fpu/libg.a(lib_a-svfprintf.o)
 .rodata.zeroes.7123
                0x00000000001266d8       0x10 /opt/devkitpro/devkitARM/lib/gcc/arm-none-eabi/5.3.0/../../../../arm-none-eabi/lib/armv6k/fpu/libg.a(lib_a-svfprintf.o)
 .rodata.__hexdig
                0x00000000001266e8      0x100 /opt/devkitpro/devkitARM/lib/gcc/arm-none-eabi/5.3.0/../../../../arm-none-eabi/lib/armv6k/fpu/libg.a(lib_a-gdtoa-gethex.o)
                0x00000000001266e8                __hexdig
 .rodata.str1.4
                0x00000000001267e8        0x8 /opt/devkitpro/devkitARM/lib/gcc/arm-none-eabi/5.3.0/../../../../arm-none-eabi/lib/armv6k/fpu/libsysbase.a(iosupport.o)
 *all.rodata*(*)
 *(.gnu.linkonce.r*)
                0x00000000001267f0                . = ALIGN (0x4)

.eh_frame       0x00000000001267f0        0x0
 .eh_frame      0x00000000001267f0        0x0 /opt/devkitpro/devkitARM/lib/gcc/arm-none-eabi/5.3.0/armv6k/fpu/crtbegin.o

.rel.dyn        0x00000000001267f0        0x0
 .rel.iplt      0x00000000001267f0        0x0 /opt/devkitpro/devkitARM/lib/gcc/arm-none-eabi/5.3.0/../../../../arm-none-eabi/lib/armv6k/fpu/3dsx_crt0.o

.ARM.extab
 *(.ARM.extab* .gnu.linkonce.armextab.*)
                0x00000000001267f0                __exidx_start = .

ARM.exidx
 *(.ARM.exidx* .gnu.linkonce.armexidx.*)
                0x00000000001267f0                __exidx_end = .

.data           0x0000000000127000     0x2e40
 *(.data)
 .data          0x0000000000127000       0x54 /opt/devkitpro/libctru/lib/libctru.a(console.o)
                0x0000000000127000                defaultConsole
                0x000000000012704c                currentConsole
 .data          0x0000000000127054        0xc /opt/devkitpro/libctru/lib/libctru.a(gfx.o)
 .data          0x0000000000127060        0x4 /opt/devkitpro/libctru/lib/libctru.a(stack_adjust.o)
                0x0000000000127060                __stacksize__
 *fill*         0x0000000000127064        0x4 
 .data          0x0000000000127068      0x488 /opt/devkitpro/libctru/lib/libctru.a(sdmc_dev.o)
 .data          0x00000000001274f0       0x44 /opt/devkitpro/devkitARM/lib/gcc/arm-none-eabi/5.3.0/../../../../arm-none-eabi/lib/armv6k/fpu/libsysbase.a(iosupport.o)
                0x00000000001274f4                devoptab_list
 .data          0x0000000000127534     0x1000 /opt/devkitpro/devkitARM/lib/gcc/arm-none-eabi/5.3.0/../../../../arm-none-eabi/lib/armv6k/fpu/libsysbase.a(chdir.o)
 .data          0x0000000000128534     0x1028 /opt/devkitpro/devkitARM/lib/gcc/arm-none-eabi/5.3.0/../../../../arm-none-eabi/lib/armv6k/fpu/libsysbase.a(handle_manager.o)
 *(.data.*)
 *fill*         0x000000000012955c        0x4 
 .data.impure_data
                0x0000000000129560      0x440 /opt/devkitpro/devkitARM/lib/gcc/arm-none-eabi/5.3.0/../../../../arm-none-eabi/lib/armv6k/fpu/libg.a(lib_a-impure.o)
 .data._impure_ptr
                0x00000000001299a0        0x4 /opt/devkitpro/devkitARM/lib/gcc/arm-none-eabi/5.3.0/../../../../arm-none-eabi/lib/armv6k/fpu/libg.a(lib_a-impure.o)
                0x00000000001299a0                _impure_ptr
 .data.__malloc_av_
                0x00000000001299a4      0x408 /opt/devkitpro/devkitARM/lib/gcc/arm-none-eabi/5.3.0/../../../../arm-none-eabi/lib/armv6k/fpu/libg.a(lib_a-mallocr.o)
                0x00000000001299a4                __malloc_av_
 .data.__malloc_trim_threshold
                0x0000000000129dac        0x4 /opt/devkitpro/devkitARM/lib/gcc/arm-none-eabi/5.3.0/../../../../arm-none-eabi/lib/armv6k/fpu/libg.a(lib_a-mallocr.o)
                0x0000000000129dac                __malloc_trim_threshold
 .data.__malloc_sbrk_base
                0x0000000000129db0        0x4 /opt/devkitpro/devkitARM/lib/gcc/arm-none-eabi/5.3.0/../../../../arm-none-eabi/lib/armv6k/fpu/libg.a(lib_a-mallocr.o)
                0x0000000000129db0                __malloc_sbrk_base
 .data.__malloc_lock_object
                0x0000000000129db4        0xc /opt/devkitpro/devkitARM/lib/gcc/arm-none-eabi/5.3.0/../../../../arm-none-eabi/lib/armv6k/fpu/libg.a(lib_a-mlock.o)
 .data.__wctomb
                0x0000000000129dc0        0x4 /opt/devkitpro/devkitARM/lib/gcc/arm-none-eabi/5.3.0/../../../../arm-none-eabi/lib/armv6k/fpu/libg.a(lib_a-wctomb_r.o)
                0x0000000000129dc0                __wctomb
 .data.__ctype_ptr__
                0x0000000000129dc4        0x4 /opt/devkitpro/devkitARM/lib/gcc/arm-none-eabi/5.3.0/../../../../arm-none-eabi/lib/armv6k/fpu/libg.a(lib_a-ctype_.o)
                0x0000000000129dc4                __ctype_ptr__
 .data.__sfp_lock
                0x0000000000129dc8        0xc /opt/devkitpro/devkitARM/lib/gcc/arm-none-eabi/5.3.0/../../../../arm-none-eabi/lib/armv6k/fpu/libg.a(lib_a-findfp.o)
 .data.__sinit_lock
                0x0000000000129dd4        0xc /opt/devkitpro/devkitARM/lib/gcc/arm-none-eabi/5.3.0/../../../../arm-none-eabi/lib/armv6k/fpu/libg.a(lib_a-findfp.o)
 .data.lconv    0x0000000000129de0       0x38 /opt/devkitpro/devkitARM/lib/gcc/arm-none-eabi/5.3.0/../../../../arm-none-eabi/lib/armv6k/fpu/libg.a(lib_a-locale.o)
 .data.lc_ctype_charset
                0x0000000000129e18       0x20 /opt/devkitpro/devkitARM/lib/gcc/arm-none-eabi/5.3.0/../../../../arm-none-eabi/lib/armv6k/fpu/libg.a(lib_a-locale.o)
 .data.__mb_cur_max
                0x0000000000129e38        0x4 /opt/devkitpro/devkitARM/lib/gcc/arm-none-eabi/5.3.0/../../../../arm-none-eabi/lib/armv6k/fpu/libg.a(lib_a-locale.o)
                0x0000000000129e38                __mb_cur_max
 .data.__mbtowc
                0x0000000000129e3c        0x4 /opt/devkitpro/devkitARM/lib/gcc/arm-none-eabi/5.3.0/../../../../arm-none-eabi/lib/armv6k/fpu/libg.a(lib_a-mbtowc_r.o)
                0x0000000000129e3c                __mbtowc
 *(.gnu.linkonce.d*)
                0x0000000000129e40                . = ALIGN (0x4)

.igot.plt       0x0000000000129e40        0x0
 .igot.plt      0x0000000000129e40        0x0 /opt/devkitpro/devkitARM/lib/gcc/arm-none-eabi/5.3.0/../../../../arm-none-eabi/lib/armv6k/fpu/3dsx_crt0.o

.jcr            0x0000000000129e40        0x0
 .jcr           0x0000000000129e40        0x0 /opt/devkitpro/devkitARM/lib/gcc/arm-none-eabi/5.3.0/armv6k/fpu/crtbegin.o

.tm_clone_table
                0x0000000000129e40        0x0
 .tm_clone_table
                0x0000000000129e40        0x0 /opt/devkitpro/devkitARM/lib/gcc/arm-none-eabi/5.3.0/armv6k/fpu/crtbegin.o
 .tm_clone_table
                0x0000000000129e40        0x0 /opt/devkitpro/devkitARM/lib/gcc/arm-none-eabi/5.3.0/armv6k/fpu/crtend.o
                0x0000000000129e40                __TMC_END__

.tdata          0x0000000000129e40        0x0
                0x0000000000129e40                __tdata_lma = .
 *(.tdata)
 *(.tdata.*)
 *(.gnu.linkonce.td.*)
                0x0000000000129e40                . = ALIGN (0x4)
                0x0000000000129e40                __tdata_lma_end = .

.tbss           0x0000000000129e40     0x340c
 *(.tbss)
 .tbss          0x0000000000129e40     0x340c /opt/devkitpro/libctru/lib/libctru.a(sdmc_dev.o)
 *(.tbss.*)
 *(.gnu.linkonce.tb.*)
 *(.tcommon)
                0x000000000012d24c                . = ALIGN (0x4)

.preinit_array  0x0000000000129e40        0x0
                0x0000000000129e40                PROVIDE (__preinit_array_start, .)
 *(.preinit_array)
                0x0000000000129e40                PROVIDE (__preinit_array_end, .)

.init_array     0x0000000000129e40        0x4
                0x0000000000129e40                PROVIDE (__init_array_start, .)
 *(SORT(.init_array.*))
 *(.init_array)
 .init_array    0x0000000000129e40        0x4 /opt/devkitpro/devkitARM/lib/gcc/arm-none-eabi/5.3.0/armv6k/fpu/crtbegin.o
                0x0000000000129e44                PROVIDE (__init_array_end, .)

.fini_array     0x0000000000129e44        0x4
                0x0000000000129e44                PROVIDE (__fini_array_start, .)
 *(.fini_array)
 .fini_array    0x0000000000129e44        0x4 /opt/devkitpro/devkitARM/lib/gcc/arm-none-eabi/5.3.0/armv6k/fpu/crtbegin.o
 *(SORT(.fini_array.*))
                0x0000000000129e48                PROVIDE (__fini_array_end, .)

.ctors
 *crtbegin.o(.ctors)
 *(EXCLUDE_FILE(*crtend.o) .ctors)
 *(SORT(.ctors.*))
 *(.ctors)

.dtors
 *crtbegin.o(.dtors)
 *(EXCLUDE_FILE(*crtend.o) .dtors)
 *(SORT(.dtors.*))
 *(.dtors)
                0x0000000000129e48                __bss_start__ = .

.bss            0x0000000000129e48     0x5760
 *(.dynbss)
 *(.bss)
 .bss           0x0000000000129e48       0x1c /opt/devkitpro/devkitARM/lib/gcc/arm-none-eabi/5.3.0/armv6k/fpu/crtbegin.o
 .bss           0x0000000000129e64        0x1 /opt/devkitpro/libctru/lib/libctru.a(os.o)
                0x0000000000129e64                __ctru_speedup
 *fill*         0x0000000000129e65        0x3 
 .bss           0x0000000000129e68        0x8 /opt/devkitpro/libctru/lib/libctru.a(srv.o)
 .bss           0x0000000000129e70        0xc /opt/devkitpro/libctru/lib/libctru.a(gfx.o)
 .bss           0x0000000000129e7c        0xc /opt/devkitpro/libctru/lib/libctru.a(gspgpu.o)
 .bss           0x0000000000129e88       0x2c /opt/devkitpro/libctru/lib/libctru.a(hid.o)
 .bss           0x0000000000129eb4        0x8 /opt/devkitpro/libctru/lib/libctru.a(ns.o)
 .bss           0x0000000000129ebc       0x54 /opt/devkitpro/libctru/lib/libctru.a(apt.o)
                0x0000000000129ecc                aptStatus
                0x0000000000129ef8                aptStatusBeforeSleep
 .bss           0x0000000000129f10        0x8 /opt/devkitpro/libctru/lib/libctru.a(ptmsysm.o)
 .bss           0x0000000000129f18        0x8 /opt/devkitpro/libctru/lib/libctru.a(stack_adjust.o)
 .bss           0x0000000000129f20       0x14 /opt/devkitpro/libctru/lib/libctru.a(vram.o)
 .bss           0x0000000000129f34       0x14 /opt/devkitpro/libctru/lib/libctru.a(mappable.o)
 .bss           0x0000000000129f48       0x14 /opt/devkitpro/libctru/lib/libctru.a(linear.o)
 .bss           0x0000000000129f5c        0x4 /opt/devkitpro/libctru/lib/libctru.a(synchronization.o)
 .bss           0x0000000000129f60        0xc /opt/devkitpro/libctru/lib/libctru.a(irrst.o)
 .bss           0x0000000000129f6c        0x1 /opt/devkitpro/libctru/lib/libctru.a(sdmc_dev.o)
 *fill*         0x0000000000129f6d        0x3 
 .bss           0x0000000000129f70        0x8 /opt/devkitpro/libctru/lib/libctru.a(fs.o)
 .bss           0x0000000000129f78        0x4 /opt/devkitpro/devkitARM/lib/gcc/arm-none-eabi/5.3.0/../../../../arm-none-eabi/lib/armv6k/fpu/libsysbase.a(sbrk.o)
 .bss           0x0000000000129f7c        0x8 /opt/devkitpro/devkitARM/lib/gcc/arm-none-eabi/5.3.0/../../../../arm-none-eabi/lib/armv6k/fpu/libsysbase.a(malloc_vars.o)
                0x0000000000129f7c                fake_heap_start
                0x0000000000129f80                fake_heap_end
 .bss           0x0000000000129f84     0x1000 /opt/devkitpro/devkitARM/lib/gcc/arm-none-eabi/5.3.0/../../../../arm-none-eabi/lib/armv6k/fpu/libsysbase.a(chdir.o)
 .bss           0x000000000012af84       0x38 /opt/devkitpro/devkitARM/lib/gcc/arm-none-eabi/5.3.0/../../../../arm-none-eabi/lib/armv6k/fpu/libsysbase.a(syscall_support.o)
                0x000000000012af84                __syscalls
 *(.bss.*)
 .bss.__malloc_max_total_mem
                0x000000000012afbc        0x4 /opt/devkitpro/devkitARM/lib/gcc/arm-none-eabi/5.3.0/../../../../arm-none-eabi/lib/armv6k/fpu/libg.a(lib_a-mallocr.o)